Archive member included because of file (symbol)

c:/NXP/bstudio_nxp/sdk/JN-SW-4165/Components/Library\libDBG_JN516x.a(dbg.o)
                              DeviceTemplate.o (symbol from plugin) (dbg_vPrintfImplNoneVerbose)
c:/NXP/bstudio_nxp/sdk/JN-SW-4165/Components/Library\libDBG_JN516x.a(dbg_uart.o)
                              Node.o (symbol from plugin) (DBG_vUartInit)
c:/NXP/bstudio_nxp/sdk/JN-SW-4165/Components/Library\libPDM_EEPROM_JN516x.a(PDM.o)
                              Node.o (symbol from plugin) (PDM_vInit)
c:/NXP/bstudio_nxp/sdk/JN-SW-4165/Components/Library\libPDM_EEPROM_JN516x.a(PDM_Create.o)
                              PDM.o (symbol from plugin) (iPDM_CreateFileSystemInRAM)
c:/NXP/bstudio_nxp/sdk/JN-SW-4165/Components/Library\libPDM_EEPROM_JN516x.a(PDM_EEPROM.o)
                              AHI_EEPROM.o (symbol from plugin) (bPDM_InitialiseEEPROM)
c:/NXP/bstudio_nxp/sdk/JN-SW-4165/Components/Library\libPDM_EEPROM_JN516x.a(PDM_EEPROMsegmentStatus.o)
                              PDM_Create.o (symbol from plugin) (bPDM_DoesEEPROMsegmentContainFileSystemHeader)
c:/NXP/bstudio_nxp/sdk/JN-SW-4165/Components/Library\libPDM_EEPROM_JN516x.a(PDM_ExtendedAPI.o)
                              PDM.o (symbol from plugin) (PDM_eRegisterRecord)
c:/NXP/bstudio_nxp/sdk/JN-SW-4165/Components/Library\libPDM_EEPROM_JN516x.a(PDM_FileSystem.o)
                              PDM.o (symbol from plugin) (u8PDM_CalculateSegmentsRequired)
c:/NXP/bstudio_nxp/sdk/JN-SW-4165/Components/Library\libPDM_EEPROM_JN516x.a(PDM_FileSystemData.o)
                              PDM.o (symbol from plugin) (iPDM_WriteDataWithIdToFileSystem)
c:/NXP/bstudio_nxp/sdk/JN-SW-4165/Components/Library\libPDM_EEPROM_JN516x.a(PDM_FileSystemDelete.o)
                              PDM.o (symbol from plugin) (vPDM_DeleteAllSegmentsInFileSystem)
c:/NXP/bstudio_nxp/sdk/JN-SW-4165/Components/Library\libPDM_EEPROM_JN516x.a(PDM_FileSystemGenerate.o)
                              PDM_Create.o (symbol from plugin) (vPDM_GenerateCleanFileSystem)
c:/NXP/bstudio_nxp/sdk/JN-SW-4165/Components/Library\libPDM_EEPROM_JN516x.a(PDM_FileSystemMove.o)
                              PDM_FileSystemDelete.o (symbol from plugin) (vPDM_MoveAllDataFromListToList)
c:/NXP/bstudio_nxp/sdk/JN-SW-4165/Components/Library\libPDM_EEPROM_JN516x.a(PDM_FileSystemVerify.o)
                              PDM_FileSystemGenerate.o (symbol from plugin) (iPDM_VerifyDataSequenceWithBufferId)
c:/NXP/bstudio_nxp/sdk/JN-SW-4165/Components/Library\libPDM_EEPROM_JN516x.a(PDM_FileSystemVerifyAndRepair.o)
                              PDM_EEPROMsegmentStatus.o (symbol from plugin) (iPDM_DetectFileSystemRecordMagicNumber)
c:/NXP/bstudio_nxp/sdk/JN-SW-4165/Components/Library\libPDM_EEPROM_JN516x.a(PDM_ImageBitmapReconstruct.o)
                              PDM_FileSystemGenerate.o (symbol from plugin) (iPDM_ReconstructValidImageBitmap)
c:/NXP/bstudio_nxp/sdk/JN-SW-4165/Components/Library\libPDM_EEPROM_JN516x.a(PDM_SearchAndListOrder.o)
                              PDM_FileSystem.o (symbol from plugin) (vPDM_AddFileSystemElementToListInAscendingWearCountOrder)
c:/NXP/bstudio_nxp/sdk/JN-SW-4165/Components/Library\libPDM_EEPROM_JN516x.a(PDM_Segment.o)
                              PDM_FileSystemData.o (symbol from plugin) (iPDM_WriteSegmentHeaderAndData)
c:/NXP/bstudio_nxp/sdk/JN-SW-4165/Components/Library\libPDM_EEPROM_JN516x.a(PDM_SegmentData.o)
                              PDM_FileSystemVerify.o (symbol from plugin) (iPDM_ReadUserDataFromFileSystemRecord)
c:/NXP/bstudio_nxp/sdk/JN-SW-4165/Components/Library\libPDM_EEPROM_JN516x.a(PDM_SegmentReplace.o)
                              PDM_FileSystemGenerate.o (symbol from plugin) (iPDM_ReconstructReplacedDataTable)
c:/NXP/bstudio_nxp/sdk/JN-SW-4165/Components/Library\libPDM_EEPROM_JN516x.a(PDM_SegmentSequenceExtend.o)
                              PDM_ExtendedAPI.o (symbol from plugin) (iPDM_AppendDataToSegmentSequence)
c:/NXP/bstudio_nxp/sdk/JN-SW-4165/Components/Library\libPDM_EEPROM_JN516x.a(PDM_SegmentSequenceExtendDelete.o)
                              PDM_FileSystemData.o (symbol from plugin) (bPDM_IsSequenceAppended)
c:/NXP/bstudio_nxp/sdk/JN-SW-4165/Components/Library\libPDM_EEPROM_JN516x.a(PDM_SegmentSequenceExtendReconstruct.o)
                              PDM_FileSystemGenerate.o (symbol from plugin) (iPDM_ReconstructExtendedSegmentSequence)
c:/NXP/bstudio_nxp/sdk/JN-SW-4165/Components/Library\libPDM_EEPROM_JN516x.a(PDM_SegmentSequencePartialRead.o)
                              PDM_ExtendedAPI.o (symbol from plugin) (iPDM_ReadPartialDataFromSegmentSequence)
c:/NXP/bstudio_nxp/sdk/JN-SW-4165/Components/Library\libPDM_EEPROM_JN516x.a(PDM_SegmentSequenceSave.o)
                              PDM.o (symbol from plugin) (iPDM_DetermineSegmentSaveMechanism)
c:/NXP/bstudio_nxp/sdk/JN-SW-4165/Components/Library\libPDM_EEPROM_JN516x.a(PDM_WearLevelling.o)
[...]
Memory Configuration

Name             Origin             Length             Attributes
flash            0x0000000000080000 0x0000000000040000
ram              0x000000000400004c 0x0000000000007fb4
*default*        0x0000000000000000 0xffffffffffffffff

Linker script and memory map

                0x0000000088011174                OND_DEV_TYPE = 0x88011174
                0x0000000000001430                OND_CHIPSET = 0x1430
                0x0000000000000269                OND_REVISION = 0x269
START GROUP
LOAD DeviceTemplate.o
LOAD C:\Users\LENOVO~1\AppData\Local\Temp\ccWRMHbY.ltrans0.ltrans.o
LOAD C:\Users\LENOVO~1\AppData\Local\Temp\ccWRMHbY.ltrans1.ltrans.o
LOAD C:\Users\LENOVO~1\AppData\Local\Temp\ccWRMHbY.ltrans2.ltrans.o
LOAD C:\Users\LENOVO~1\AppData\Local\Temp\ccWRMHbY.ltrans3.ltrans.o
LOAD C:\Users\LENOVO~1\AppData\Local\Temp\ccWRMHbY.ltrans4.ltrans.o
LOAD C:\Users\LENOVO~1\AppData\Local\Temp\ccWRMHbY.ltrans5.ltrans.o
LOAD C:\Users\LENOVO~1\AppData\Local\Temp\ccWRMHbY.ltrans6.ltrans.o
LOAD C:\Users\LENOVO~1\AppData\Local\Temp\ccWRMHbY.ltrans7.ltrans.o
LOAD C:\Users\LENOVO~1\AppData\Local\Temp\ccWRMHbY.ltrans8.ltrans.o
LOAD C:\Users\LENOVO~1\AppData\Local\Temp\ccWRMHbY.ltrans9.ltrans.o
LOAD C:\Users\LENOVO~1\AppData\Local\Temp\ccWRMHbY.ltrans10.ltrans.o
LOAD C:\Users\LENOVO~1\AppData\Local\Temp\ccWRMHbY.ltrans11.ltrans.o
LOAD C:\Users\LENOVO~1\AppData\Local\Temp\ccWRMHbY.ltrans12.ltrans.o
LOAD C:\Users\LENOVO~1\AppData\Local\Temp\ccWRMHbY.ltrans13.ltrans.o
LOAD C:\Users\LENOVO~1\AppData\Local\Temp\ccWRMHbY.ltrans14.ltrans.o
LOAD C:\Users\LENOVO~1\AppData\Local\Temp\ccWRMHbY.ltrans15.ltrans.o
LOAD C:\Users\LENOVO~1\AppData\Local\Temp\ccWRMHbY.ltrans16.ltrans.o
LOAD C:\Users\LENOVO~1\AppData\Local\Temp\ccWRMHbY.ltrans17.ltrans.o
LOAD C:\Users\LENOVO~1\AppData\Local\Temp\ccWRMHbY.ltrans18.ltrans.o
LOAD C:\Users\LENOVO~1\AppData\Local\Temp\ccWRMHbY.ltrans19.ltrans.o
LOAD C:\Users\LENOVO~1\AppData\Local\Temp\ccWRMHbY.ltrans20.ltrans.o
LOAD C:\Users\LENOVO~1\AppData\Local\Temp\ccWRMHbY.ltrans21.ltrans.o
LOAD C:\Users\LENOVO~1\AppData\Local\Temp\ccWRMHbY.ltrans22.ltrans.o
LOAD C:\Users\LENOVO~1\AppData\Local\Temp\ccWRMHbY.ltrans23.ltrans.o
LOAD C:\Users\LENOVO~1\AppData\Local\Temp\ccWRMHbY.ltrans24.ltrans.o
LOAD C:\Users\LENOVO~1\AppData\Local\Temp\ccWRMHbY.ltrans25.ltrans.o
LOAD C:\Users\LENOVO~1\AppData\Local\Temp\ccWRMHbY.ltrans26.ltrans.o
LOAD C:\Users\LENOVO~1\AppData\Local\Temp\ccWRMHbY.ltrans27.ltrans.o
LOAD C:\Users\LENOVO~1\AppData\Local\Temp\ccWRMHbY.ltrans28.ltrans.o
LOAD C:\Users\LENOVO~1\AppData\Local\Temp\ccWRMHbY.ltrans29.ltrans.o
LOAD C:\Users\LENOVO~1\AppData\Local\Temp\ccWRMHbY.ltrans30.ltrans.o
LOAD C:\Users\LENOVO~1\AppData\Local\Temp\ccWRMHbY.ltrans31.ltrans.o
LOAD c:/nxp/bstudio_nxp/sdk/tools/ba-elf-ba2-r34135/bin/../lib/gcc/ba-elf/4.7.3/../../../../ba-elf/lib/mcpu_jn51xx_sizeopt\libc.a
LOAD c:/nxp/bstudio_nxp/sdk/tools/ba-elf-ba2-r34135/bin/../lib/gcc/ba-elf/4.7.3/mcpu_jn51xx_sizeopt\libgcc.a
LOAD c:/nxp/bstudio_nxp/sdk/tools/ba-elf-ba2-r34135/bin/../lib/gcc/ba-elf/4.7.3/../../../../ba-elf/lib/mcpu_jn51xx_sizeopt\libc.a
LOAD Node.o
LOAD Address.o
LOAD Exception.o
LOAD Security.o
LOAD AHI_EEPROM.o
LOAD DriverREDsensor.o
LOAD DriverOXsensor.o
LOAD DriverMICS2614.o
LOAD DriverMQ136.o
LOAD MibNode.o
LOAD MibNodeDec.o
LOAD MibAdcStatus.o
LOAD MibAdcStatusDec.o
LOAD MibNodeControl.o
LOAD MibNodeControlDec.o
LOAD MibNwkStatus.o
LOAD MibNwkStatusDec.o
LOAD MibNwkSecurity.o
LOAD MibNwkSecurityDec.o
LOAD MibCOstatus.o
LOAD MibCOstatusDec.o
LOAD MibNO2status.o
LOAD MibNO2statusDec.o
LOAD MibO3status.o
LOAD MibO3statusDec.o
LOAD MibH2Sstatus.o
LOAD MibH2SstatusDec.o
LOAD c:/NXP/bstudio_nxp/sdk/JN-SW-4165/Components/Library\libDBG_JN516x.a
LOAD c:/NXP/bstudio_nxp/sdk/JN-SW-4165/Components/Library\libRecal_JN516x.a
LOAD c:/NXP/bstudio_nxp/sdk/JN-SW-4165/Components/Library\libPDM_EEPROM_JN516x.a
LOAD c:/NXP/bstudio_nxp/sdk/JN-SW-4165/Components/Library\libJIP_JN516x.a
LOAD c:/NXP/bstudio_nxp/sdk/JN-SW-4165/Components/Library\libJenNet_JN516x.a
LOAD c:/NXP/bstudio_nxp/sdk/JN-SW-4165/Components/Library\lib6LP_JN516x.a
LOAD c:/NXP/bstudio_nxp/sdk/JN-SW-4165/Components/Library\libMiniMac_JN516x.a
LOAD c:/NXP/bstudio_nxp/sdk/JN-SW-4165/Components/Library\libMiniMacShim_JN516x.a
LOAD c:/NXP/bstudio_nxp/sdk/JN-SW-4165/Components/Library\libMMAC_JN516x.a
LOAD c:/NXP/bstudio_nxp/sdk/JN-SW-4165/Components/Library\libAes_JN516x.a
LOAD c:/NXP/bstudio_nxp/sdk/JN-SW-4165/Components/Library\libHardwareApi_JN516x.a
LOAD c:/NXP/bstudio_nxp/sdk/JN-SW-4165/Components/Library\libMicroSpecific_JN516x.a
LOAD c:/NXP/bstudio_nxp/sdk/JN-SW-4165/Components/Library\libBoot_JN516x.a
LOAD c:/NXP/bstudio_nxp/sdk/JN-SW-4165/Components/Library\libPDM_EEPROM_JN516x.a
LOAD c:/NXP/bstudio_nxp/sdk/JN-SW-4165/Platform/DK4/Library\libBoardLib_JN516x.a
END GROUP
LOAD c:/nxp/bstudio_nxp/sdk/tools/ba-elf-ba2-r34135/bin/../lib/gcc/ba-elf/4.7.3/../../../../ba-elf/lib/mcpu_jn51xx_sizeopt\libc.a
LOAD c:/nxp/bstudio_nxp/sdk/tools/ba-elf-ba2-r34135/bin/../lib/gcc/ba-elf/4.7.3/mcpu_jn51xx_sizeopt\libgcc.a
LOAD c:/nxp/bstudio_nxp/sdk/tools/ba-elf-ba2-r34135/bin/../lib/gcc/ba-elf/4.7.3/../../../../ba-elf/lib/mcpu_jn51xx_sizeopt\libc.a
                0x0000000000000800                _stack_size = 0x800
                0x0000000000003340                _minimum_heap_size = 0x3340
                0x0000000000080038                _exception_vsr_table = 0x80038
                0x0000000004000000                pSPIflashFncTable = 0x4000000
                0x0000000000000800                _stack_size = 0x800
                0x0000000000003340                _minimum_heap_size = 0x3340
                0x0000000000000044                restore_state = 0x44
                0x000000000000004a                bZSPIWaitWIPClear = 0x4a
                0x0000000000000050                u16ZSPIflashRDID = 0x50
                0x0000000000000056                u8SelectFlashChipType = 0x56
                0x000000000000005c                memcpy = 0x5c
                0x0000000000000066                vBootFlashProg = 0x66
                [0x0000000000003340]                _minimum_heap_size = DEFINED (_minimum_heap_size)?_minimum_heap_size:0xd16
                0x0000000000000000                _SwConfig = (DEFINED (g_bSWConf_Debug) | (DEFINED (g_bSWConf_AltDebugPort) << 0x1))

.version        0x000000000007fffc        0x4
                0x000000000007fffc        0x4 LONG 0x7030008

.bir            0x0000000000080000       0x10
                0x0000000000080000                _flash_start = ABSOLUTE (.)
                0x0000000000080000                _flash_beg = ABSOLUTE (.)
                0x0000000000080000        0x4 LONG 0x12345678
                0x0000000000080004        0x4 LONG 0x11223344
                0x0000000000080008        0x4 LONG 0x55667788
                0x000000000008000c        0x1 BYTE 0x8
                0x000000000008000d        0x1 BYTE 0x1
                0x000000000008000e        0x2 SHORT 0x0

.flashheader    0x0000000000080010       0x28
                0x0000000000080010        0x4 LONG 0x0
                0x0000000000080014        0x4 LONG 0x0
                0x0000000000080018        0x4 LONG 0x0
                0x000000000008001c        0x2 SHORT 0x0
                0x000000000008001e        0x2 SHORT 0x0 ABSOLUTE (_SwConfig)
                0x0000000000080020                _enc_start = ABSOLUTE (.)
                0x0000000000080020        0x4 LONG 0x19bbc ABSOLUTE (_image_len)
                0x0000000000080010                _enc_offset = (_enc_start & 0xf)
                [0x0000000000080030]                _enc_start = (_enc_start - _flash_beg)
                0x0000000000080024        0x4 LONG 0x99604 ABSOLUTE (_flash_data_start)
                0x0000000000080028        0x2 SHORT 0x13 ((ABSOLUTE (_ram_data_start) / 0x4) & 0xffff)
                0x000000000008002a        0x2 SHORT 0x16e ((ABSOLUTE (_ram_data_len) / 0x4) & 0xffff)
                0x000000000008002c        0x2 SHORT 0x181 ((ABSOLUTE (_bss_start) / 0x4) & 0xffff)
                0x000000000008002e        0x2 SHORT 0x2ba ((ABSOLUTE (_bss_len) / 0x4) & 0xffff)
                0x0000000000080030        0x4 LONG 0x96d00 ABSOLUTE (AppWarmStart)
                0x0000000000080034        0x4 LONG 0x96cf8 ABSOLUTE (AppColdStart)
                0x0000000000000044                PROVIDE (vException_BusError, restore_state)
                0x0000000000000044                PROVIDE (vException_UnalignedAccess, restore_state)
                0x0000000000000044                PROVIDE (vException_IllegalInstruction, restore_state)
                0x0000000000000044                PROVIDE (vException_SysCall, restore_state)
                0x0000000000000044                PROVIDE (vException_Trap, restore_state)
                0x0000000000000044                PROVIDE (vException_StackOverflow, restore_state)
                0x0000000000080038                . = ABSOLUTE (_exception_vsr_table)

.vsr_table      0x0000000000080038       0x18
                0x0000000000080038        0x4 LONG 0x93548 ABSOLUTE (vException_BusError)
                0x000000000008003c        0x4 LONG 0x93540 ABSOLUTE (vException_UnalignedAccess)
                0x0000000000080040        0x4 LONG 0x93538 ABSOLUTE (vException_IllegalInstruction)
                0x0000000000080044        0x4 LONG 0x44 ABSOLUTE (vException_SysCall)
                0x0000000000080048        0x4 LONG 0x93528 ABSOLUTE (vException_Trap)
                0x000000000008004c        0x4 LONG 0x93530 ABSOLUTE (vException_StackOverflow)

.vsr_handlers   0x0000000000080050       0xaa
 *(.vsr_handlers)
 .vsr_handlers  0x0000000000080050       0xaa c:/NXP/bstudio_nxp/sdk/JN-SW-4165/Components/Library\libBoot_JN516x.a(ExceptionHandler.o)
                0x0000000000080050                _exception_external_interrupt
                0x00000000000800f8                _default_vsr_dummy

.rodata         0x00000000000800fc      0xab7
 *(.rodata*)
 .rodata.str1.1
                0x00000000000800fc      0x3c2 C:\Users\LENOVO~1\AppData\Local\Temp\ccWRMHbY.ltrans0.ltrans.o
                                        0x3ec (size before relaxing)
 *fill*         0x00000000000804be        0x2 00
 .rodata        0x00000000000804c0      0x1a0 C:\Users\LENOVO~1\AppData\Local\Temp\ccWRMHbY.ltrans0.ltrans.o
                0x00000000000804c0                au32UartAddrOffset
 .rodata.str1.1
                0x0000000000080660       0xe7 C:\Users\LENOVO~1\AppData\Local\Temp\ccWRMHbY.ltrans1.ltrans.o
 *fill*         0x0000000000080747        0x1 00
 .rodata        0x0000000000080748      0x170 C:\Users\LENOVO~1\AppData\Local\Temp\ccWRMHbY.ltrans1.ltrans.o
 .rodata        0x00000000000808b8       0x30 C:\Users\LENOVO~1\AppData\Local\Temp\ccWRMHbY.ltrans2.ltrans.o
 .rodata        0x00000000000808e8        0x8 C:\Users\LENOVO~1\AppData\Local\Temp\ccWRMHbY.ltrans3.ltrans.o
 .rodata        0x00000000000808f0       0x30 C:\Users\LENOVO~1\AppData\Local\Temp\ccWRMHbY.ltrans4.ltrans.o
 .rodata        0x0000000000080920       0x12 C:\Users\LENOVO~1\AppData\Local\Temp\ccWRMHbY.ltrans6.ltrans.o
 .rodata        0x0000000000080932        0x6 C:\Users\LENOVO~1\AppData\Local\Temp\ccWRMHbY.ltrans7.ltrans.o
 .rodata        0x0000000000080938       0x14 C:\Users\LENOVO~1\AppData\Local\Temp\ccWRMHbY.ltrans16.ltrans.o
 .rodata.str1.1
                0x000000000008094c       0x37 C:\Users\LENOVO~1\AppData\Local\Temp\ccWRMHbY.ltrans17.ltrans.o
 .rodata        0x0000000000080983        0x4 C:\Users\LENOVO~1\AppData\Local\Temp\ccWRMHbY.ltrans17.ltrans.o
 *fill*         0x0000000000080987        0x1 00
 .rodata        0x0000000000080988        0xc C:\Users\LENOVO~1\AppData\Local\Temp\ccWRMHbY.ltrans18.ltrans.o
                0x0000000000080988                DBG_g_u32Version
 .rodata.str1.1
                0x0000000000080994       0xf8 C:\Users\LENOVO~1\AppData\Local\Temp\ccWRMHbY.ltrans20.ltrans.o
                                        0x104 (size before relaxing)
 .rodata        0x0000000000080a8c       0x60 C:\Users\LENOVO~1\AppData\Local\Temp\ccWRMHbY.ltrans20.ltrans.o
                0x0000000000080a8c                hMibNodeControl
                0x0000000000080a90                hMibNwkStatus
 .rodata        0x0000000000080aec       0x3c C:\Users\LENOVO~1\AppData\Local\Temp\ccWRMHbY.ltrans22.ltrans.o
                0x0000000000080aec                aprEventHandler.14946
                0x0000000000080b18                sBroadcastAddr.14807
                0x0000000000080b20                sUnknownMacAddr.14809
 .rodata        0x0000000000080b28        0x4 C:\Users\LENOVO~1\AppData\Local\Temp\ccWRMHbY.ltrans23.ltrans.o
 .rodata.str1.1
                0x0000000000080b2c       0x87 C:\Users\LENOVO~1\AppData\Local\Temp\ccWRMHbY.ltrans26.ltrans.o

.text           0x0000000000080bb4    0x18a4e
 *(.text*)
 .text          0x0000000000080bb4     0x2168 C:\Users\LENOVO~1\AppData\Local\Temp\ccWRMHbY.ltrans0.ltrans.o
                0x0000000000080bb4                Device_vInit
 *fill*         0x0000000000082d1c        0x0 00
 .text          0x0000000000082d1c      0xcbc C:\Users\LENOVO~1\AppData\Local\Temp\ccWRMHbY.ltrans1.ltrans.o
                0x0000000000082d1c                Device_vPdmInit
 .text          0x00000000000839d8     0x1284 C:\Users\LENOVO~1\AppData\Local\Temp\ccWRMHbY.ltrans2.ltrans.o
                0x00000000000839d8                iUDP_GetUDPheaderSize
                0x0000000000083a21                boIdSearchMatch.17410
                0x0000000000083a35                boPortSearchMatch.17406
                0x0000000000083a49                iWriteIPv6andDataHeaders
                0x0000000000083b45                iIPv6_CalculateIPv6PseudoHeaderChecksum
                0x0000000000083b9c                boBufferByHandleSearchMatch.16561
                0x0000000000083bbf                boTagIdSearchMatch.16565
                0x0000000000083bde                boBufferReadyToTXSearchMatch.16557
                0x0000000000083bf7                boBufferByTagIdAndSrcAddrSearchMatch.16553
                0x0000000000083c54                boAddressSearchMatch.16549
                0x0000000000083d5c                vHandleNwkCallback.15730
                0x0000000000083d86                vQueueApi.14541
                0x0000000000083d99                vEstablishRoute_Backoff.13187
                0x0000000000083da8                vActiveScan_Backoff.13192
                0x0000000000083dab                vNed_StateTimeoutHandler
                0x0000000000083dba                vNed_PollPeriodHandler
                0x0000000000083dc9                vNed_PollTimeoutHandler
                0x0000000000083dfb                vNed_ScanTimeoutHandler
                0x0000000000083e84                bOND_SafeToSleep.14529
                0x0000000000083ead                vScanOrAssociate_Backoff
                0x0000000000083ec2                u8GroupAddUnique.18362
                0x0000000000083f02                u8CompressAddrs.18347
                0x0000000000083fef                u8GetChangedButUnnotifiedGroups.17414
                0x0000000000084054                b6LP_HandleRxEvent
                0x0000000000084073                u16IPv6_Truncate32bitChecksumTo16bit
                0x0000000000084098                u32IPv6_CalculatePayloadDataChecksum
                0x00000000000840d9                u16_6LP_DefGetSizeOfIPv6Record
                0x00000000000840ef                i6LP_DefCreateInterfaceIdFrom64
                0x0000000000084123                eEUI_CompareWithPrefix
                0x0000000000084168                eEUI_CompareWithDeviceAddress
                0x00000000000841ee                vReturnBuffer.15297
                0x0000000000084218                vMiniMac_ReturnTxBufferCallback
                0x0000000000084220                eOND_DevGetImage
                0x0000000000084303                vGetImage32.10066
                0x0000000000084320                vGetImage16.10062
                0x000000000008433d                vGetImage8.10058
                0x000000000008435a                vFillBlockBitmap.14555
                0x0000000000084399                vOND_GenerateEvent
                0x00000000000843da                eStartDownload.10045
                0x0000000000084438                eLoadImage.10041
                0x0000000000084476                vStartBlockTimer.14599
                0x00000000000844ba                u8DetermineFlashSize.14549
                0x00000000000844e1                psSearchDatabase.14134
                0x000000000008450b                vSecurityUpdateKey
                0x0000000000084552                vApi_SetNwkKey
                0x0000000000084569                MibNwkSecurity_vSetSecurityKey.part.1.3239
                0x000000000008457e                u8SecurityIsNeighbour
                0x00000000000845c7                u8SecurityFreeEntry
                0x0000000000084610                vInterrupt_Resume
                0x0000000000084645                vInterrupt_Suspend
                0x000000000008467e                eJIP_RegisterMib
                0x00000000000846d7                iNed_StopTimerVect
                0x00000000000846fc                u16GetNextHopVect
                0x000000000008474b                vSwap.12473
                0x000000000008478a                bNwk_GetNextHopAddressVect
                0x00000000000847e9                bApi_GetNeighbourTableEntry
                0x00000000000848b7                vGetParentMacAddress.9177
                0x00000000000848eb                vNwk_SetDepthVect
                0x0000000000084930                bCheckRxSeqNoVect
                0x00000000000849c0                bNwk_IsParentVect
                0x00000000000849f8                bNwk_IsChild
                0x0000000000084a41                vJnc_HandleBeaconVect
 .text          0x0000000000084c5c      0xdf8 C:\Users\LENOVO~1\AppData\Local\Temp\ccWRMHbY.ltrans3.ltrans.o
                0x0000000000084c5c                v6LP_Tick
 .text          0x0000000000085a54      0xe0d C:\Users\LENOVO~1\AppData\Local\Temp\ccWRMHbY.ltrans4.ltrans.o
                0x0000000000085a54                pvHeapAllocOverflowProtect.2237
                0x0000000000085b3b                pvHeap_DefAlloc.25826
                0x0000000000085ba6                vMicroIntEnableOnly.constprop.108
                0x0000000000085bd2                vAHI_StartRandomNumberGenerator.constprop.99
                0x0000000000085be9                vAHI_WakeTimerEnable.part.0.25336.constprop.97
                0x0000000000085c31                vAHI_TimerEnable.part.1.24903.constprop.94
                0x0000000000085cab                vStartTimer.part.0.24891.constprop.90
                0x0000000000085cd8                vAHI_TimerDIOControl.constprop.87
                0x0000000000085cf8                vMiniMac_MLME_SetReq_PanId
                0x0000000000085d35                vMiniMac_MLME_SetReq_ShortAddr
                0x0000000000085d43                bJnc_SetJoinProfile.constprop.85
                0x0000000000085d8f                bJnc_SetRunProfile.constprop.76
                0x0000000000085dff                bAHI_FlashInit.constprop.75
                0x0000000000085e72                vAHI_SpiRestoreConfiguration.constprop.69
                0x0000000000085eb3                vAHI_SpiReadConfiguration.constprop.66
                0x0000000000085eed                vConfigureSpi
                0x0000000000085f2d                bAHI_FullFlashRead
                0x0000000000085f70                vAHI_AdcEnable.constprop.29
                0x0000000000085faa                pvHeap_Alloc
                0x0000000000085fb9                vBlockReqToQueue.14571
                0x0000000000086038                u32AHI_Init
                0x00000000000860fa                vMicroIntRestoreState
                0x0000000000086106                vMarkRouteAsMissing
                0x0000000000086199                iIPv6_CompressIPv6packet
                0x000000000008652e                u16AddNextHopVect
                0x000000000008663a                bStoreJHandle
                0x00000000000866a0                bObtainJHandle.part.10.10738
                0x00000000000866db                bRetrieveJHandle
                0x0000000000086737                bAHI_FlashReleaseMutex
                0x0000000000086754                bAHI_FlashGetMutex
                0x000000000008677a                u32RaiseDigitalVoltage
                0x000000000008679a                u8AHI_WakeTimerFiredStatus
                0x00000000000867ae                u64AHI_WakeTimerReadLarge.part.5.25356
                0x00000000000867e3                vAHI_WakeTimerStop.part.3.25350
                0x0000000000086809                vAHI_WakeTimerStartLarge.part.2.25345
 .text.unlikely
                0x0000000000086861       0xda C:\Users\LENOVO~1\AppData\Local\Temp\ccWRMHbY.ltrans4.ltrans.o
                0x0000000000086876                bAHI_SetClockRate.part.0.24766.constprop.46
 .text          0x000000000008693b      0xcb9 C:\Users\LENOVO~1\AppData\Local\Temp\ccWRMHbY.ltrans5.ltrans.o
                0x000000000008693b                MibNwkSecurity_eSetRejoin
                0x000000000008695c                MibNodeControl_eSetReset
                0x0000000000086983                vNed_ScanOrAssociateVect
                0x0000000000086a9c                u8PDM_CalculateFileSystemCapacity
                0x0000000000086ab7                iPDM_FilterDuplicateAppendedSegmentsOnList.8038
                0x0000000000086aee                psDLISTsearchForward
                0x0000000000086b16                iIPv6_SearchForBufferByAddress
                0x0000000000086b78                iPDM_SearchForBufferIdInList
                0x0000000000086bb7                iPDM_SearchForBufferIdInFileSystem
                0x0000000000086bca                iPDM_GetLengthOfDataInBufferWithIdFromFileSystem
                0x0000000000086c1d                iPDM_SearchForSpecificSegmentInList
                0x0000000000086c59                iIPv6_SearchForBufferReadyToTX
                0x0000000000086ca8                iSearchForId
                0x0000000000086ce4                i6LP_DefBind.constprop.105
                0x0000000000086d4e                iCheckSocketParameters.17565
                0x0000000000086d83                i6LP_SocketRemoveGroupAddr
                0x0000000000086e3f                i6LP_SocketListGroupAddr
                0x0000000000086ead                vGetGroupTable.9809
                0x0000000000086f8d                bIssueACIcommand.constprop.133
                0x0000000000087097                iPDM_ReadUserDataFromFileSystemRecord
                0x00000000000870c9                iPDM_ReadUserDataFromSegmentWithId
                0x0000000000087100                iPDM_ReadDataWithIdFromFileSystem
                0x000000000008718b                PDM_eLoadRecord.constprop.127
                0x00000000000873c9                iPDM_WriteUserDataIntoSegment
                0x0000000000087411                eMiniMac_MCPS_PurgeReq
                0x0000000000087476                vSetChannelAndPower
                0x00000000000874d1                vMiniMac_PLME_SetReq_Power
                0x00000000000874fa                eSetTxPower.9571
                0x000000000008751a                vMiniMac_PLME_SetReq_Channel
                0x0000000000087522                v6LP_SocketGroupChangeAcked
 .text          0x00000000000875f4      0xd05 C:\Users\LENOVO~1\AppData\Local\Temp\ccWRMHbY.ltrans6.ltrans.o
                0x00000000000875f4                vAHI_IntHandlerUart1
                0x000000000008761a                vAHI_IntHandlerUart0
                0x0000000000087640                vAHI_IntHandlerTimer4
                0x000000000008764b                vAHI_IntHandlerTimer3
                0x0000000000087656                vAHI_IntHandlerTimer1
                0x0000000000087672                vAHI_IntHandlerTimer0
                0x000000000008768f                vAHI_IntHandlerSpiMaster
                0x00000000000876b5                vAHI_IntHandlerSi
                0x0000000000087700                vAHI_IntHandlerAnalogPeriph
                0x0000000000087720                eBasicTxCompleteHandler
                0x0000000000087725                vTxRxTimeout.23114
                0x0000000000087785                iIPv6_WriteIPv6HeaderIntoBuffer
                0x00000000000878f2                iIPv6_WriteDataExtensionHeaderIntoBuffer
                0x0000000000087a03                iIPv6_WriteDataExtensionHeaderIntoStructure
                0x0000000000087b4c                vAHI_UartReset.part.4.25105
                0x0000000000087b8c                vAHI_UartSetBaudDivisor.part.1.25085
                0x0000000000087bdc                vAHI_TickTimerInterval
                0x0000000000087bfa                vAHI_TickTimerIntEnable
                0x0000000000087c1b                vAHI_IntHandlerTickTimer
                0x0000000000087c55                vAHI_TickTimerConfigure
                0x0000000000087c70                bAHI_RndNumPoll
                0x0000000000087c92                vAHI_CpuDoze
                0x0000000000087ca5                vAHI_SwReset
                0x0000000000087cb6                vAHI_DioSetOutput
                0x0000000000087cca                vAHI_DioSetDirection
                0x0000000000087cde                vAHI_AdcStartSample
                0x0000000000087d30                vACI_CmdWaitBusy
                0x0000000000087d94                vACI_OptimisedCcmStar
                0x0000000000087fac                pvAppApiDefGetMacAddrLocation
                0x0000000000087fcd                u32FromLe
                0x0000000000087fee                psSearchForFrameToSend
                0x000000000008803c                vRadioToOff
                0x0000000000088059                eMiniMac_FrameInProgress
                0x0000000000088084                vRemoveFromTxQueue
                0x00000000000880c0                vAddToTxQueue
                0x00000000000880f6                vEnableReceive.23119
                0x0000000000088137                vStartReceive
                0x0000000000088145                vWriteKeyToHardware.22798
                0x0000000000088167                psLookUpKeyDescriptor.22791
                0x0000000000088190                u8GetHeaderSize
                0x00000000000881cd                eSecurityTxPrepare
                0x000000000008824a                iIPv6_WriteDataIntoStructure
                0x00000000000882b0                iIPv6_GetProtocolSourcePortNumber
 .text          0x00000000000882f9      0xe03 C:\Users\LENOVO~1\AppData\Local\Temp\ccWRMHbY.ltrans7.ltrans.o
                0x00000000000882f9                DBG_iUartGetChar
                0x000000000008834f                DBG_vUartFlush
                0x000000000008837f                DBG_vUartPutch
                0x00000000000883ce                eOrphanNotificationSent.22609
                0x0000000000088417                DBG_vUartInitHardware
                0x0000000000088540                eClearGroups.9847
                0x00000000000885a1                vGetNeighbourTable.9181
                0x0000000000088679                vGetNetworkTable
                0x00000000000887d3                vGetImageTable.10049
                0x00000000000888b3                Node_vPreSleepCallback
                0x0000000000088967                bPDM_IsEEPROMsegmentErased
                0x00000000000889d8                u8AddNeighbourVect
                0x0000000000088a52                vPDM_SetEEPROMandFileSystemValidState
                0x0000000000088ab0                vNwk_DeleteChildVect
                0x0000000000088c20                vPAR_UnknownNode
                0x0000000000088c4d                v6LP_QueueRemoveDefragTimer
                0x0000000000088cb3                eJnc_StartScanVect
                0x0000000000088dec                vInitEndDeviceStateVect
                0x0000000000088f08                vInitCoordRtrStateVect
                0x00000000000890c0                vFailedPacket.13202
 .text          0x00000000000890fc      0xd80 C:\Users\LENOVO~1\AppData\Local\Temp\ccWRMHbY.ltrans8.ltrans.o
                0x00000000000890fc                eDisassocReqSent.21866
                0x000000000008913b                eAssocReqSent.21888
                0x0000000000089184                vSendMlmeCommStatusFromTxFrame
                0x00000000000891da                eSecurityTxEncrypt
                0x0000000000089378                vMiniMac_NextTransaction
                0x00000000000893e2                eTransmit
                0x00000000000894c1                eNwk_TransmitPacketVect
                0x00000000000898d7                vStartCoordVect
                0x0000000000089a10                vPollTimeout.22170
                0x0000000000089a1e                vPostDcfm.22628
                0x0000000000089a87                vScanNextChannel.22634
                0x0000000000089c14                vPostTxActions.23204
                0x0000000000089c51                vMiniMac_TxComplete
                0x0000000000089ce3                vSendMlmeCommStatusFromRxFrame
                0x0000000000089d39                bSecurityRxProcess
 .text          0x0000000000089e7c      0xd9c C:\Users\LENOVO~1\AppData\Local\Temp\ccWRMHbY.ltrans9.ltrans.o
                0x0000000000089e7c                vMiniMac_MlmeCallback
                0x000000000008a9c4                vPostFailedAssocDcfm.21870
                0x000000000008a9e2                ePMICassocReqPollSent.21892
                0x000000000008aa4c                vMiniMacPoll_CheckPollResponse
                0x000000000008aa74                ePollReqSent.22172
                0x000000000008abcd                vScanBeaconReceived
 .text          0x000000000008ac18      0xb53 C:\Users\LENOVO~1\AppData\Local\Temp\ccWRMHbY.ltrans10.ltrans.o
                0x000000000008ad2d                iPDM_WriteSegmentHeaderAndData
                0x000000000008aeef                iPDM_SegmentCopyAndAppendData.constprop.115
                0x000000000008af47                iPDM_ReconstructReplacedDataTable
                0x000000000008b0d1                iPDM_ReplaceChangedSegmentInSequence
                0x000000000008b194                PDM_eSaveImageBitmap.constprop.70
                0x000000000008b3ed                iPDM_DeleteAppendedSequence
                0x000000000008b4f3                PDM_eFullSegmentSave.4870
                0x000000000008b6c5                iPDM_VerifyDataSequenceWithBufferId
 .text          0x000000000008b76b      0xca4 C:\Users\LENOVO~1\AppData\Local\Temp\ccWRMHbY.ltrans11.ltrans.o
                0x000000000008b805                vFrameCommandHandler.14520
                0x000000000008b9b3                eRemoveGroup.9851
                0x000000000008ba16                vDLISTaddToTail
                0x000000000008ba44                iIPv6_FreeIPv6packetBuffer
                0x000000000008bab0                i6LP_DefRecvFrom.constprop.37
                0x000000000008bba8                Node_v6lpDataEvent.part.0.1907
                0x000000000008bbb2                vHandleDataEvent.constprop.36
                0x000000000008bbf2                iTX_SendPacketTransmissionCompleteEvent
                0x000000000008bc5b                iTX_TransmitDataOriginal
                0x000000000008be39                vHandleTxEvent
                0x000000000008bee6                vRouteViaHigherLayer.17164
                0x000000000008bf25                vTSV_DefragTimerFired
                0x000000000008bf3d                eServiceBlockRequest.14559
                0x000000000008c10b                vBlockReqSeen.14606
                0x000000000008c12d                vJnc_SendEstablishRouteVect.constprop.42
                0x000000000008c281                vEstablishRoute_Backoff
                0x000000000008c2a0                vApi_Start_CRVect
 *fill*         0x000000000008c40f        0x1 00
 .text          0x000000000008c410      0x68c C:\Users\LENOVO~1\AppData\Local\Temp\ccWRMHbY.ltrans12.ltrans.o
                0x000000000008c410                vRegularTick.14711
                0x000000000008c4b9                vEnterState.14615
                0x000000000008ca60                vGetMutexThenGoToState.14618
                0x000000000008ca71                vTickAwaitingMutex.14700
                0x000000000008ca91                vTickForFlashComplete.14691
 .text          0x000000000008ca9c      0xb90 C:\Users\LENOVO~1\AppData\Local\Temp\ccWRMHbY.ltrans13.ltrans.o
                0x000000000008ca9c                vPAR_ProcessPacket
                0x000000000008d5c0                eCreateSocket.8110
 .text          0x000000000008d62c      0xc92 C:\Users\LENOVO~1\AppData\Local\Temp\ccWRMHbY.ltrans14.ltrans.o
                0x000000000008d62c                iIPv6_GetIPv6packetBuffer
                0x000000000008d7ae                i6LP_DefSendTo.constprop.34
                0x000000000008d91d                iICMP_SendICMPerrorMessage
                0x000000000008db10                vRX_HandleHeaderError.17205
                0x000000000008dba3                iPING_SendEchoReplyMessage
                0x000000000008dbcd                i6LP_DefGetDataBuffer
                0x000000000008dfd5                bGenerateMLDv2.18342
                0x000000000008dfff                pvGetBuffer
                0x000000000008e036                eJIP_SendStatusVect
                0x000000000008e08c                vJIP_HandleQueryMibRequestVect
                0x000000000008e184                vJIP_HandleQueryVarRequestVect
 .text          0x000000000008e2be      0xbb0 C:\Users\LENOVO~1\AppData\Local\Temp\ccWRMHbY.ltrans15.ltrans.o
                0x000000000008e2be                iRX_receiveData
                0x000000000008e5b7                vPDM_AddFileSystemElementToListInAscendingWearCountOrder
                0x000000000008e605                vPDM_MoveAllDataFromListToList
                0x000000000008e63f                vPDM_MoveAllDataWithBufferIdAndStateFromListToList
                0x000000000008e6c4                vPDM_MoveAllDataWithBufferIdFromListToList
                0x000000000008e782                PDM_vDeleteRecord
                0x000000000008e848                vPDM_MoveFileRecordFromListToList
                0x000000000008e86b                iPDM_ReplaceSegmentFromJunkLists.7063
                0x000000000008e90f                vPDM_MoveRecordToDeAllocList.constprop.116
                0x000000000008e934                vPDM_CountInstanceOccurances.isra.0.6957
                0x000000000008e999                eJIP_SendVarVect
                0x000000000008eb46                vJIP_HandleTrapRequestVect
                0x000000000008ecc9                vJIP_HandleGetRequestVect
                0x000000000008eda4                vJIP_HandleUntrapRequestVect
 .text          0x000000000008ee6e      0xbf9 C:\Users\LENOVO~1\AppData\Local\Temp\ccWRMHbY.ltrans16.ltrans.o
                0x000000000008ee6e                eAssocRespSent.21876
                0x000000000008ee8d                vAssocReqTimeout2.21864
                0x000000000008eeb0                vAssocReqTimeout1.21862
                0x000000000008ef49                vNwk_RouteEstablishedVect
                0x000000000008f07e                vMiniMac_Init
                0x000000000008f37e                bJnc_ResetStackVect
                0x000000000008f497                vApi_Recover
                0x000000000008f52b                vJnc_HandleDisassociateCfmVect
                0x000000000008f673                bJnc_StartAssociateVect
                0x000000000008f77f                vApi_Resume
                0x000000000008f8a2                vJnc_InitSystemVect.constprop.77
                0x000000000008f9b3                vSendBlockRequest.14568
 .text          0x000000000008fa67      0x9e3 C:\Users\LENOVO~1\AppData\Local\Temp\ccWRMHbY.ltrans17.ltrans.o
                0x000000000008facd                eBeaconReqSent.22613
                0x000000000008fb1a                vJnc_BackOffVect
                0x000000000008fb9c                vNcr_ScanOrAssociateVect
                0x000000000008fca1                vProcessNetworkAnnounce.12477
                0x000000000008fd3f                bMiniMac_CCMstar2006
                0x000000000008ff44                i6LP_DefGetOwnDeviceAddress
                0x000000000008ff85                vHWTimerInitVect
                0x0000000000090018                bAHI_FullFlashProgram
                0x00000000000900ee                vException.2232
                0x000000000009020b                psGetTxFrameBuffer
                0x0000000000090255                Node_vDebugIndent.part.3.1912
                0x00000000000902a4                Node_vDebugOutdent.part.4.1915
                0x00000000000902d3                MibNwkSecurity_vSetUserData
                0x0000000000090372                Node_vSysCtrlEvent
 .text          0x000000000009044a      0xd0f C:\Users\LENOVO~1\AppData\Local\Temp\ccWRMHbY.ltrans18.ltrans.o
                0x000000000009044a                vRouterActiveScanResponse_Backoff
                0x0000000000090459                vActiveScan_Backoff.11614
                0x000000000009045c                bDefaultSafeToSleep.10707
                0x0000000000090461                eSetUint32
                0x0000000000090469                eSetUint16
                0x0000000000090471                bFindQueuedTrap.8682
                0x000000000009048b                boSearchForWearCountSubstitute.7378
                0x00000000000904a0                boSegmentNumberDeleteSearchMatch.7059
                0x00000000000904b1                boIdValueSearchMatch.6412
                0x00000000000904fd                boSearchForWearCountInsertPoint.6408
                0x0000000000090514                DBG_vUartFailedAssert
                0x0000000000090528                MibNwkSecurity_bNwkCallback
                0x0000000000090560                vJIP_StayAwakeRequest
                0x0000000000090579                eSetString.9579
                0x00000000000905ad                vInitialiseChildEntry.11619
                0x0000000000090622                rand
                0x0000000000090662                vApi_Sleep
                0x00000000000906b8                bJnc_IsStackRunning
                0x00000000000906e7                bUniqueEntry.9190
                0x0000000000090770                u32Jnc_GetUnscannedChannelsVect
                0x00000000000907d6                vJnc_ClearScanListVect
                0x0000000000090823                vHandleQueryVarResponse
                0x00000000000908a5                vHandleQueryMibResponse
                0x000000000009092c                vJIP_HandleGetResponseVect
                0x0000000000090adc                eJIP_PacketAddData
                0x0000000000090bea                vGetDepth.9169
                0x0000000000090c07                vGetString
                0x0000000000090c22                vGetUint32
                0x0000000000090c28                vGetUint16
                0x0000000000090c2e                vGetUint8
                0x0000000000090c34                vGetDeviceTypes.10284
                0x0000000000090c41                vGetBlob.9805
                0x0000000000090c54                vGetMacAddress.9564
                0x0000000000090c76                vGetTxPower.9560
                0x0000000000090c82                vGetLastChange.9173
                0x0000000000090c8f                MibNwkSecurity_vGetKey
                0x0000000000090c96                iJIP_FindVarVect
                0x0000000000090cb5                psJIP_FindMibIdVect
                0x0000000000090cd2                psJIP_FindMibVect
                0x0000000000090d09                vPDM_WriteFileSystemRecordAndSegmentDataIntoEEPROMsegment
                0x0000000000090da2                vPDM_WriteByteIntoEEPROM
                0x0000000000090dcd                boDLISTisEmpty
                0x0000000000090de5                bTrapSafeToSleep.8689
                0x0000000000090e06                psDLISTremoveFromHead
                0x0000000000090e2f                psDLISTremove
                0x0000000000090e87                u8PDM_CalculateSegmentsRequired.part.0.5488
                0x0000000000090eba                u8PDM_CalculateSegmentsRequired
                0x0000000000090ec2                vPDM_WriteEEPROMfixSegmentData
                0x0000000000090f00                bPDM_InitialiseEEPROM
                0x0000000000090f4b                vPDM_ReadUserDataFromEEPROMsegment
                0x0000000000090ff0                iPDM_ReadSegmentHeaderFromEEPROM
                0x0000000000091050                iPDM_SetVerifyBytesInFileSystemRecord
                0x00000000000910b1                bAHI_WriteEEPROM
                0x000000000009110f                bPDM_IsDescriptorValid
 .text          0x0000000000091159      0xa29 C:\Users\LENOVO~1\AppData\Local\Temp\ccWRMHbY.ltrans19.ltrans.o
                0x0000000000091159                PDM_vSaveRecord
                0x00000000000913c7                MibAdcStatus_u8Analogue
                0x00000000000914b1                v6LP_PeripheralEvent
                0x00000000000914d2                v6LP_RouteHwEvent
                0x0000000000091b1b                vUartHandler.15284
                0x0000000000091b56                vEraseImageBitmap.14552
 *fill*         0x0000000000091b82        0x2 00
 .text          0x0000000000091b84      0x61c C:\Users\LENOVO~1\AppData\Local\Temp\ccWRMHbY.ltrans20.ltrans.o
                0x0000000000091b84                vBlockSeenGeneric.14653
                0x0000000000091d3b                vJIP_StackEvent
 .text          0x00000000000921a0      0x90b C:\Users\LENOVO~1\AppData\Local\Temp\ccWRMHbY.ltrans21.ltrans.o
                0x00000000000921d6                MibNodeControl_eSetFactoryReset
                0x00000000000921fd                iIPv6_WriteIPv6headerIntoStructure
                0x000000000009245a                eAddGroup.9836
                0x0000000000092578                dbg_vPrintfImplNoneVerbose
                0x00000000000929ff                bAHI_FlashEraseSector
                0x0000000000092a7a                vPDM_DeleteUsedSegmentsOnDeallocList
 *fill*         0x0000000000092aab        0x1 00
 .text          0x0000000000092aac      0xaa4 C:\Users\LENOVO~1\AppData\Local\Temp\ccWRMHbY.ltrans22.ltrans.o
                0x0000000000092aac                vBlockSeenBcast.14673
                0x0000000000092aba                vBlockSeenUnicast.14668
                0x0000000000092ac8                vBlockSeenDirect.14658
                0x0000000000092ad3                vBlockSeenIp.14663
                0x0000000000092aff                TSV_eStart
                0x0000000000092b4f                vStartTrapTimer
                0x0000000000092b7a                vSendTrapNotify.8679
                0x0000000000092fb7                vHandleDataEvent.8102
                0x0000000000093163                vJIP_SetEnabled
                0x0000000000093190                vJIP_NotifyChanged
                0x00000000000931b3                vNetworkModule_Update
                0x00000000000933fb                vJmpDataEventHandler.15288
                0x0000000000093410                vGetNetworkInfo.9235
                0x000000000009342c                vGroupcastTimerFired
                0x00000000000934f5                TSV_eOpen
                0x00000000000934fd                OS_eExitCriticalSection_stub
                0x0000000000093511                OS_eEnterCriticalSection_stub
                0x0000000000093528                vException_Trap
                0x0000000000093530                vException_StackOverflow
                0x0000000000093538                vException_IllegalInstruction
                0x0000000000093540                vException_UnalignedAccess
                0x0000000000093548                vException_BusError
 .text          0x0000000000093550      0xaa8 C:\Users\LENOVO~1\AppData\Local\Temp\ccWRMHbY.ltrans23.ltrans.o
                0x0000000000093550                vMiniMac_McpsCallback
 .text          0x0000000000093ff8      0x516 C:\Users\LENOVO~1\AppData\Local\Temp\ccWRMHbY.ltrans24.ltrans.o
                0x0000000000093ff8                iPacketRxComplete
                0x000000000009433c                eMcpsTxCompleteHandler.21987
                0x000000000009436a                bServiceRequestQueue.14613
                0x0000000000094416                vAHI_Sleep
 .text          0x000000000009450e      0x8d3 C:\Users\LENOVO~1\AppData\Local\Temp\ccWRMHbY.ltrans25.ltrans.o
                0x000000000009450e                eTransmitFrameVect
                0x0000000000094651                eApi_PollForData
                0x0000000000094744                eStartAutoPollVect
                0x000000000009478e                vPAR_SendDeleteRoute
                0x00000000000947dd                ePAR_SendFindNode
                0x0000000000094824                ePAR_RoutePacketVect
                0x000000000009490d                vSendBlockRequestGeneric.14564
                0x00000000000949aa                vPAR_ProcessPurgeRoute
                0x0000000000094a0d                vProcessResponseRequest.12674
                0x0000000000094a65                vPAR_ProcessDataToCoord
                0x0000000000094ab2                vPAR_DeleteRoute
                0x0000000000094bfe                vPAR_SendPurgeRoute
                0x0000000000094c58                vPAR_ProcessDataToNwk
                0x0000000000094ca4                vPAR_ProcessSetDepth
                0x0000000000094cf2                bGenerateJenNetGcastInfo.18352
                0x0000000000094d4e                vNwk_RejectNodeVect
                0x0000000000094da1                vPAR_Ping
 .text          0x0000000000094de1      0x7ad C:\Users\LENOVO~1\AppData\Local\Temp\ccWRMHbY.ltrans26.ltrans.o
                0x0000000000094de1                MibNode_vNameCallback.2421
                0x0000000000094dfa                MibNwkSecurity_eSetKey
                0x0000000000094e20                vHWTimerCallback.13768
                0x0000000000094ea2                iPDM_ReconstructValidImageBitmap
                0x0000000000095015                Device_vReset
                0x00000000000950c1                vJnc_JenNetInitVariablesVect
 .text          0x000000000009558e      0x860 C:\Users\LENOVO~1\AppData\Local\Temp\ccWRMHbY.ltrans27.ltrans.o
                0x000000000009558e                iIPv6_GetDataExtensionHeaderSize
                0x00000000000955f2                iIPv6_GetIPv6headerSize
                0x00000000000956ba                vGroupcastTimerFiredQueue
                0x00000000000956c4                vTSV_DefragTimerFiredQueue
                0x00000000000956ce                vSendTrapNotifyViaQueue.8686
                0x00000000000956d8                iIPv6_GetUncompressedHeaderSize
                0x000000000009572f                iIPv6_GetUncompressedIPv6packetSize
                0x0000000000095800                iTX_FragmentPayload
                0x0000000000095957                iTX_TransmitPayloadFragment
                0x00000000000959df                iIPv6_SwapSourceAndDestinationAddresses
                0x0000000000095a10                iIPv6_InitialiseIPv6bufferStatus
                0x0000000000095a4f                iIPv6_CalculateDataChecksum
                0x0000000000095b0d                iBM_InitialiseFragmentBitmap
                0x0000000000095b75                iBM_IsBitmapComplete
                0x0000000000095b9a                iBM_SetFragmentBitmap.part.1.19160
                0x0000000000095c70                v6LP_ProcessStackEvent
                0x0000000000095d30                vGroupcastFrameCommandHandler.18322
                0x0000000000095d68                u8DecompressAddrs.18367
 .text          0x0000000000095dee      0x87a C:\Users\LENOVO~1\AppData\Local\Temp\ccWRMHbY.ltrans28.ltrans.o
                0x0000000000095f71                vDetermineBenignState.14689
                0x000000000009605a                eOND_JenNetLayerInit.part.6.14705.constprop.64
                0x00000000000964cc                vStoreParams.14642
                0x0000000000096508                bProcessApiRequest.14681
                0x00000000000965af                vHandleApi.14684
                0x00000000000965b3                vErase.14631
                0x0000000000096622                vCheckBlockRequestTimeout.14624
                0x0000000000096666                vTimeoutFired.14626
 *fill*         0x0000000000096668        0x0 00
 .text          0x0000000000096668      0x5dc C:\Users\LENOVO~1\AppData\Local\Temp\ccWRMHbY.ltrans29.ltrans.o
                0x0000000000096926                vMiniMac_InterruptHandler
 .text          0x0000000000096c44       0xc4 C:\Users\LENOVO~1\AppData\Local\Temp\ccWRMHbY.ltrans30.ltrans.o
                0x0000000000096c44                TSV_eStop
                0x0000000000096c58                iIPv6_CreateIPv6BufferManager
                0x0000000000096cf8                AppColdStart
                0x0000000000096d00                AppWarmStart
 .text          0x0000000000096d08       0x5a C:\Users\LENOVO~1\AppData\Local\Temp\ccWRMHbY.ltrans31.ltrans.o
                0x0000000000096d08                i6LP_DefSocket.constprop.104
 .text          0x0000000000096d62       0x25 c:/nxp/bstudio_nxp/sdk/tools/ba-elf-ba2-r34135/bin/../lib/gcc/ba-elf/4.7.3/../../../../ba-elf/lib/mcpu_jn51xx_sizeopt\libc.a(lib_a-memcmp.o)
                0x0000000000096d62                memcmp
 .text          0x0000000000096d87       0x19 c:/nxp/bstudio_nxp/sdk/tools/ba-elf-ba2-r34135/bin/../lib/gcc/ba-elf/4.7.3/../../../../ba-elf/lib/mcpu_jn51xx_sizeopt\libc.a(lib_a-memcpy.o)
 .text          0x0000000000096da0       0x44 c:/nxp/bstudio_nxp/sdk/tools/ba-elf-ba2-r34135/bin/../lib/gcc/ba-elf/4.7.3/../../../../ba-elf/lib/mcpu_jn51xx_sizeopt\libc.a(lib_a-memmove.o)
                0x0000000000096da0                memmove
 .text          0x0000000000096de4       0x12 c:/nxp/bstudio_nxp/sdk/tools/ba-elf-ba2-r34135/bin/../lib/gcc/ba-elf/4.7.3/../../../../ba-elf/lib/mcpu_jn51xx_sizeopt\libc.a(lib_a-memset.o)
                0x0000000000096de4                memset
 .text          0x0000000000096df6       0x15 c:/nxp/bstudio_nxp/sdk/tools/ba-elf-ba2-r34135/bin/../lib/gcc/ba-elf/4.7.3/../../../../ba-elf/lib/mcpu_jn51xx_sizeopt\libc.a(lib_a-strcpy.o)
                0x0000000000096df6                strcpy
 .text          0x0000000000096e0b       0x12 c:/nxp/bstudio_nxp/sdk/tools/ba-elf-ba2-r34135/bin/../lib/gcc/ba-elf/4.7.3/../../../../ba-elf/lib/mcpu_jn51xx_sizeopt\libc.a(lib_a-strlen.o)
                0x0000000000096e0b                strlen
 .text          0x0000000000096e1d       0x2b c:/nxp/bstudio_nxp/sdk/tools/ba-elf-ba2-r34135/bin/../lib/gcc/ba-elf/4.7.3/../../../../ba-elf/lib/mcpu_jn51xx_sizeopt\libc.a(lib_a-strncpy.o)
                0x0000000000096e1d                strncpy
 *fill*         0x0000000000096e48        0x0 00
 .text          0x0000000000096e48      0x204 c:/nxp/bstudio_nxp/sdk/tools/ba-elf-ba2-r34135/bin/../lib/gcc/ba-elf/4.7.3/mcpu_jn51xx_sizeopt\libgcc.a(__udivsi3.o)
                0x0000000000096e48                __udivsi3
 .text          0x000000000009704c       0x30 c:/nxp/bstudio_nxp/sdk/tools/ba-elf-ba2-r34135/bin/../lib/gcc/ba-elf/4.7.3/mcpu_jn51xx_sizeopt\libgcc.a(__divsi3.o)
                0x000000000009704c                __divsi3
 .text          0x000000000009707c      0x1b0 c:/nxp/bstudio_nxp/sdk/tools/ba-elf-ba2-r34135/bin/../lib/gcc/ba-elf/4.7.3/mcpu_jn51xx_sizeopt\libgcc.a(__umodsi3.o)
                0x000000000009707c                __umodsi3
 .text          0x000000000009722c       0x24 c:/nxp/bstudio_nxp/sdk/tools/ba-elf-ba2-r34135/bin/../lib/gcc/ba-elf/4.7.3/mcpu_jn51xx_sizeopt\libgcc.a(__modsi3.o)
                0x000000000009722c                __modsi3
 .text          0x0000000000097250       0x52 c:/nxp/bstudio_nxp/sdk/tools/ba-elf-ba2-r34135/bin/../lib/gcc/ba-elf/4.7.3/mcpu_jn51xx_sizeopt\libgcc.a(_muldi3.o)
                0x0000000000097250                __muldi3
 .text          0x00000000000972a2       0x27 c:/nxp/bstudio_nxp/sdk/tools/ba-elf-ba2-r34135/bin/../lib/gcc/ba-elf/4.7.3/mcpu_jn51xx_sizeopt\libgcc.a(_ashldi3.o)
                0x00000000000972a2                __ashldi3
 .text          0x00000000000972c9       0x2f c:/nxp/bstudio_nxp/sdk/tools/ba-elf-ba2-r34135/bin/../lib/gcc/ba-elf/4.7.3/mcpu_jn51xx_sizeopt\libgcc.a(_fixunssfsi.o)
                0x00000000000972c9                __fixunssfsi
 .text          0x00000000000972f8      0x34c c:/nxp/bstudio_nxp/sdk/tools/ba-elf-ba2-r34135/bin/../lib/gcc/ba-elf/4.7.3/mcpu_jn51xx_sizeopt\libgcc.a(_udivdi3.o)
                0x00000000000972f8                __udivdi3
 *fill*         0x0000000000097644        0x0 00
 .text          0x0000000000097644      0x218 c:/nxp/bstudio_nxp/sdk/tools/ba-elf-ba2-r34135/bin/../lib/gcc/ba-elf/4.7.3/mcpu_jn51xx_sizeopt\libgcc.a(divsf3.o)
                0x0000000000097644                __divsf3
 .text          0x000000000009785c       0xb0 c:/nxp/bstudio_nxp/sdk/tools/ba-elf-ba2-r34135/bin/../lib/gcc/ba-elf/4.7.3/mcpu_jn51xx_sizeopt\libgcc.a(gesf2.o)
                0x000000000009785c                __gesf2
                0x000000000009785c                __gtsf2
 .text          0x000000000009790c       0xb0 c:/nxp/bstudio_nxp/sdk/tools/ba-elf-ba2-r34135/bin/../lib/gcc/ba-elf/4.7.3/mcpu_jn51xx_sizeopt\libgcc.a(lesf2.o)
                0x000000000009790c                __ltsf2
                0x000000000009790c                __lesf2
 .text          0x00000000000979bc      0x24c c:/nxp/bstudio_nxp/sdk/tools/ba-elf-ba2-r34135/bin/../lib/gcc/ba-elf/4.7.3/mcpu_jn51xx_sizeopt\libgcc.a(mulsf3.o)
                0x00000000000979bc                __mulsf3
 .text          0x0000000000097c08      0x3a2 c:/nxp/bstudio_nxp/sdk/tools/ba-elf-ba2-r34135/bin/../lib/gcc/ba-elf/4.7.3/mcpu_jn51xx_sizeopt\libgcc.a(subsf3.o)
                0x0000000000097c08                __subsf3
 .text          0x0000000000097faa       0x53 c:/nxp/bstudio_nxp/sdk/tools/ba-elf-ba2-r34135/bin/../lib/gcc/ba-elf/4.7.3/mcpu_jn51xx_sizeopt\libgcc.a(fixsfsi.o)
                0x0000000000097faa                __fixsfsi
 .text          0x0000000000097ffd       0xc0 c:/nxp/bstudio_nxp/sdk/tools/ba-elf-ba2-r34135/bin/../lib/gcc/ba-elf/4.7.3/mcpu_jn51xx_sizeopt\libgcc.a(floatsisf.o)
                0x0000000000097ffd                __floatsisf
 .text          0x00000000000980bd      0x682 c:/nxp/bstudio_nxp/sdk/tools/ba-elf-ba2-r34135/bin/../lib/gcc/ba-elf/4.7.3/mcpu_jn51xx_sizeopt\libgcc.a(adddf3.o)
                0x00000000000980bd                __adddf3
 .text          0x000000000009873f       0xcd c:/nxp/bstudio_nxp/sdk/tools/ba-elf-ba2-r34135/bin/../lib/gcc/ba-elf/4.7.3/mcpu_jn51xx_sizeopt\libgcc.a(gedf2.o)
                0x000000000009873f                __gedf2
                0x000000000009873f                __gtdf2
 .text          0x000000000009880c       0xcd c:/nxp/bstudio_nxp/sdk/tools/ba-elf-ba2-r34135/bin/../lib/gcc/ba-elf/4.7.3/mcpu_jn51xx_sizeopt\libgcc.a(ledf2.o)
                0x000000000009880c                __ledf2
                0x000000000009880c                __ltdf2
 *fill*         0x00000000000988d9        0x3 00
 .text          0x00000000000988dc      0x488 c:/nxp/bstudio_nxp/sdk/tools/ba-elf-ba2-r34135/bin/../lib/gcc/ba-elf/4.7.3/mcpu_jn51xx_sizeopt\libgcc.a(muldf3.o)
                0x00000000000988dc                __muldf3
 .text          0x0000000000098d64      0x693 c:/nxp/bstudio_nxp/sdk/tools/ba-elf-ba2-r34135/bin/../lib/gcc/ba-elf/4.7.3/mcpu_jn51xx_sizeopt\libgcc.a(subdf3.o)
                0x0000000000098d64                __subdf3
 .text          0x00000000000993f7       0x8f c:/nxp/bstudio_nxp/sdk/tools/ba-elf-ba2-r34135/bin/../lib/gcc/ba-elf/4.7.3/mcpu_jn51xx_sizeopt\libgcc.a(extendsfdf2.o)
                0x00000000000993f7                __extendsfdf2
 .text          0x0000000000099486      0x13e c:/nxp/bstudio_nxp/sdk/tools/ba-elf-ba2-r34135/bin/../lib/gcc/ba-elf/4.7.3/mcpu_jn51xx_sizeopt\libgcc.a(truncdfsf2.o)
                0x0000000000099486                __truncdfsf2
 .text          0x00000000000995c4       0x27 c:/NXP/bstudio_nxp/sdk/JN-SW-4165/Components/Library\libHardwareApi_JN516x.a(AHI_Interrupt.o)
                0x00000000000995c4                vAHI_InterruptSetPriority
                0x00000000000995e2                vAHI_InterruptSetActivePriorityLevel
 .text.vMicroSyscall
                0x00000000000995eb       0x17 c:/NXP/bstudio_nxp/sdk/JN-SW-4165/Components/Library\libMicroSpecific_JN516x.a(MicroSyscall.o)
                0x00000000000995eb                vMicroSyscall
                0x0000000000099602                _flash_end = ABSOLUTE (.)

.rela.dyn       0x0000000000099604        0x0
 .rela.text     0x0000000000000000        0x0 C:\Users\LENOVO~1\AppData\Local\Temp\ccWRMHbY.ltrans0.ltrans.o
 .rela.data     0x0000000000000000        0x0 C:\Users\LENOVO~1\AppData\Local\Temp\ccWRMHbY.ltrans0.ltrans.o
 .rela.rodata   0x0000000000000000        0x0 C:\Users\LENOVO~1\AppData\Local\Temp\ccWRMHbY.ltrans0.ltrans.o
                0x000000000400004c                . = ORIGIN (ram)

.data           0x000000000400004c      0x5b8 load address 0x0000000000099604
                0x000000000400004c                _ram_data_start = ABSOLUTE (.)
 *(.data*)
 *fill*         0x000000000400004c        0x4 00
 .data          0x0000000004000050      0x268 C:\Users\LENOVO~1\AppData\Local\Temp\ccWRMHbY.ltrans0.ltrans.o
                0x0000000004000050                u8AhiBaudRate.4840
                0x0000000004000054                prHeap_AllocFunc
                0x0000000004000058                u8PdmStartSector.2105
                0x0000000004000060                u64WakeTimer1Period.2096
                0x0000000004000068                prSafeToSleepCallback.11417
                0x000000000400006c                sJenNetMib
                0x00000000040000fc                sDeviceIDMib
                0x000000000400012c                iJMP_Socket.15479
 .data.initinboot
                0x00000000040002b8        0x4 C:\Users\LENOVO~1\AppData\Local\Temp\ccWRMHbY.ltrans0.ltrans.o
                0x00000000040002b8                u8_6LP_QSize
                0x00000000040002b9                u8_6LP_TimerQSize
                0x00000000040002ba                u8SocketMaxGroupAddrs
                0x00000000040002bb                gMAC_u8MaxBuffers
 .data          0x00000000040002bc      0x200 C:\Users\LENOVO~1\AppData\Local\Temp\ccWRMHbY.ltrans1.ltrans.o
 .data          0x00000000040004bc        0x1 C:\Users\LENOVO~1\AppData\Local\Temp\ccWRMHbY.ltrans3.ltrans.o
 *fill*         0x00000000040004bd        0x3 00
 .data.initinboot
                0x00000000040004c0        0x8 C:\Users\LENOVO~1\AppData\Local\Temp\ccWRMHbY.ltrans3.ltrans.o
                0x00000000040004c0                u8_6LP_GCastTimeout
                0x00000000040004c1                u8_6LP_GCastAddrStoreEntries
 .data          0x00000000040004c8       0xa4 C:\Users\LENOVO~1\AppData\Local\Temp\ccWRMHbY.ltrans4.ltrans.o
                0x00000000040004c8                u32HeapStart
                0x00000000040004cc                asNwkProfiles
 .data.initinboot
                0x000000000400056c        0x1 C:\Users\LENOVO~1\AppData\Local\Temp\ccWRMHbY.ltrans4.ltrans.o
 *fill*         0x000000000400056d        0x3 00
 .data          0x0000000004000570        0x4 C:\Users\LENOVO~1\AppData\Local\Temp\ccWRMHbY.ltrans13.ltrans.o
                0x0000000004000570                iJipSocket
 *fill*         0x0000000004000574        0x4 00
 .data          0x0000000004000578        0x8 C:\Users\LENOVO~1\AppData\Local\Temp\ccWRMHbY.ltrans16.ltrans.o
                0x0000000004000578                u64RandomSeed.11512
 .data          0x0000000004000580       0x80 C:\Users\LENOVO~1\AppData\Local\Temp\ccWRMHbY.ltrans20.ltrans.o
                0x0000000004000580                sNodeControlMib
                0x00000000040005b0                sNwkStatusMib
 .data          0x0000000004000600        0x1 C:\Users\LENOVO~1\AppData\Local\Temp\ccWRMHbY.ltrans21.ltrans.o
 .data          0x0000000004000601        0x2 C:\Users\LENOVO~1\AppData\Local\Temp\ccWRMHbY.ltrans22.ltrans.o
                0x0000000004000601                bCoordSupportsAuthoriseUnicast
 .data.initinboot
                0x0000000004000603        0x1 C:\Users\LENOVO~1\AppData\Local\Temp\ccWRMHbY.ltrans22.ltrans.o
 *(.data.*)
                0x0000000004000604                . = ALIGN (0x4)
                0x0000000004000604                _ram_data_end = ABSOLUTE (.)

.bss            0x0000000004000604      0xae8 load address 0x0000000000099bbc
                0x0000000004000604                _bss_start = ABSOLUTE (.)
 *(.bss*)
 *fill*         0x0000000004000604        0x4 00
 .bss           0x0000000004000608      0x408 C:\Users\LENOVO~1\AppData\Local\Temp\ccWRMHbY.ltrans0.ltrans.o
                0x0000000004000608                vFlushFn.4784
                0x000000000400060c                vPutchFn.4780
                0x0000000004000610                u8AhiUart.4839
                0x0000000004000614                prApAppCallback.24437
                0x0000000004000618                prUart0AppCallback.25328
                0x000000000400061c                prUart1AppCallback.25329
                0x0000000004000620                prSpiAppCallback.24651
                0x0000000004000624                prSiAppCallback.24574
                0x0000000004000628                prTickTimeAppCallback
                0x000000000400062c                prTimer0AppCallback.25071
                0x0000000004000630                prTimer1AppCallback.25072
                0x0000000004000634                prTimer2AppCallback.25073
                0x0000000004000638                prHeap_AllocOrig.2272
                0x000000000400063c                bAHI_ExtendedTemperatureOperation
                0x0000000004000640                i32DebugIndent
                0x0000000004000644                u8PdmNumSectors.2107
                0x0000000004000648                u32PdmSectorSize.2106
                0x000000000400064c                sTrapTimer.8938
                0x000000000400065c                prOldCallback.8940
                0x0000000004000660                freeList.8939
                0x0000000004000668                outList.8937
                0x0000000004000670                u8MaxTraps.8948
                0x0000000004000674                psTraps.8949
                0x0000000004000678                u8MaxUniqueAddresses.8941
                0x000000000400067c                psJipTrapUniqueAddresses.8942
                0x0000000004000680                sJIP_NetworkData.9348
                0x0000000004000698                sJIP_ONDData.10112
                0x00000000040006a4                sJIP_DeviceData.10306
                0x00000000040006ac                u32OneSecondClockAtLastTick.18868
                0x00000000040006b0                u32ClockAtLastTick.18867
                0x00000000040006b4                u32SocketRemovedGroupAckPending.17638
                0x00000000040006b8                u32SocketAddedGroupAckPending.17639
                0x00000000040006bc                u32GroupcastNotifyTimer.17738
                0x00000000040006c0                u32SocketRemovedGroupAddrs.17737
                0x00000000040006c4                u32SocketAddedGroupAddrs.17736
                0x00000000040006c8                sThisDeviceMacAddr
                0x00000000040006d0                u16JIP_Port
                0x00000000040006d2                au8ExtDataBlock.15908
                0x00000000040006ec                u16JMP_Port
                0x00000000040006f0                pvRxStore.15478
                0x00000000040006f4                pvTxStore.15477
                0x00000000040006f8                pvAboutToSleep
                0x00000000040006fc                sJIP_NodeData.9623
                0x0000000004000704                psMibNode.2446
                0x0000000004000708                asKeyDescriptor
                0x0000000004000744                bIntEnableFlag.24434
                0x0000000004000748                psMibAdcStatus.2557
                0x000000000400074c                u32ExceptionHeapMax
                0x0000000004000750                psMibCOstatus.3734
                0x0000000004000754                psMibO3status.4260
                0x0000000004000758                psMibNO2status.3997
                0x000000000400075c                psMibH2Sstatus.4524
                0x0000000004000760                psMibNodeControl.2640
                0x0000000004000764                sMiniMacPib
                0x0000000004000800                sMibNwkSecurity
                0x00000000040008d8                u32TimerSeconds.2098
                0x00000000040008dc                bUp.2110
                0x00000000040008e0                psMibNwkStatus.2889
                0x00000000040008e4                bWakeTimer1Fired.2109
                0x00000000040008e5                bTickTimerFired.2102
                0x00000000040008e6                bSleep.1564
                0x00000000040008e8                psTreeCommonNotSaved
                0x00000000040008ec                psTreeCommonSaved
                0x00000000040008f0                u32StackState.2101
                0x00000000040008f4                acDebugIndent
 .bss.initinboot
                0x0000000004000a10       0x1c C:\Users\LENOVO~1\AppData\Local\Temp\ccWRMHbY.ltrans0.ltrans.o
                0x0000000004000a10                prSysCtrlAppCallback.24851
                0x0000000004000a14                s6LP_Queue.18854
                0x0000000004000a1c                s6LP_TimerQueue.18845
                0x0000000004000a24                psSocketGroupAddrs
                0x0000000004000a28                bMAC_ImmortalIndirect
 .bss           0x0000000004000a2c      0x218 C:\Users\LENOVO~1\AppData\Local\Temp\ccWRMHbY.ltrans1.ltrans.o
                0x0000000004000a2c                sMibNode
 .bss           0x0000000004000c44       0x10 C:\Users\LENOVO~1\AppData\Local\Temp\ccWRMHbY.ltrans2.ltrans.o
                0x0000000004000c44                psMibListHead.8483
 .bss           0x0000000004000c54       0x34 C:\Users\LENOVO~1\AppData\Local\Temp\ccWRMHbY.ltrans3.ltrans.o
                0x0000000004000c54                eOldJenNetCommandHandler.18426
                0x0000000004000c58                sTimer.18425
                0x0000000004000c68                u8StoredAddrs.18534
                0x0000000004000c6c                sFastCommission.12283
                0x0000000004000c70                psNwkProfile
                0x0000000004000c74                sStoredMacData.21678
                0x0000000004000c78                psJenNetConfigData
                0x0000000004000c7c                sReset.11286
                0x0000000004000c80                u8SpeculativeBroadcastsThisSecond.16254
 .bss.initinboot
                0x0000000004000c88        0x8 C:\Users\LENOVO~1\AppData\Local\Temp\ccWRMHbY.ltrans3.ltrans.o
                0x0000000004000c88                psAddrStore.18535
 .bss           0x0000000004000c90        0x8 C:\Users\LENOVO~1\AppData\Local\Temp\ccWRMHbY.ltrans4.ltrans.o
                0x0000000004000c90                bContinuousModeFlag.24435
 .bss.initinboot
                0x0000000004000c98        0x2 C:\Users\LENOVO~1\AppData\Local\Temp\ccWRMHbY.ltrans4.ltrans.o
 *fill*         0x0000000004000c9a        0x2 00
 .bss.dontinitinboot
                0x0000000004000c9c        0x4 C:\Users\LENOVO~1\AppData\Local\Temp\ccWRMHbY.ltrans4.ltrans.o
 .bss           0x0000000004000ca0        0x8 C:\Users\LENOVO~1\AppData\Local\Temp\ccWRMHbY.ltrans6.ltrans.o
 .bss           0x0000000004000ca8       0x10 C:\Users\LENOVO~1\AppData\Local\Temp\ccWRMHbY.ltrans7.ltrans.o
 .bss           0x0000000004000cb8        0x4 C:\Users\LENOVO~1\AppData\Local\Temp\ccWRMHbY.ltrans9.ltrans.o
                0x0000000004000cb8                u32JenNet_UnscannedChannels
 .bss           0x0000000004000cbc        0x4 C:\Users\LENOVO~1\AppData\Local\Temp\ccWRMHbY.ltrans11.ltrans.o
                0x0000000004000cbc                psJNT_LowEnergyDeviceDatabase
 .bss           0x0000000004000cc0        0x2 C:\Users\LENOVO~1\AppData\Local\Temp\ccWRMHbY.ltrans13.ltrans.o
                0x0000000004000cc0                bRouteImportInvalidated
                0x0000000004000cc1                bEndDeviceCommissioningWindow
 .bss           0x0000000004000cc2        0x4 C:\Users\LENOVO~1\AppData\Local\Temp\ccWRMHbY.ltrans14.ltrans.o
                0x0000000004000cc2                u8MibListCount.8485
 *fill*         0x0000000004000cc6        0x2 00
 .bss           0x0000000004000cc8       0x14 C:\Users\LENOVO~1\AppData\Local\Temp\ccWRMHbY.ltrans16.ltrans.o
                0x0000000004000cc8                au16TimerSettings.25035
                0x0000000004000cd4                sMiniMacPhyPib
 .bss           0x0000000004000cdc       0x1c C:\Users\LENOVO~1\AppData\Local\Temp\ccWRMHbY.ltrans17.ltrans.o
                0x0000000004000cdc                u32AppTimer100msResume.2113
                0x0000000004000ce0                u32AppTimer100ms.2112
                0x0000000004000ce4                bAppTimer100msResume.2111
                0x0000000004000ce8                prNwkCallback.15909
                0x0000000004000cec                g_tSpiConfiguration
 .bss           0x0000000004000cf8        0x3 C:\Users\LENOVO~1\AppData\Local\Temp\ccWRMHbY.ltrans18.ltrans.o
 *fill*         0x0000000004000cfb        0x1 00
 .bss           0x0000000004000cfc        0xc C:\Users\LENOVO~1\AppData\Local\Temp\ccWRMHbY.ltrans19.ltrans.o
                0x0000000004000cfc                bAccumulateModeFlag.24436
                0x0000000004000d00                u32LastNeighbourAge
 .bss           0x0000000004000d08       0xf0 C:\Users\LENOVO~1\AppData\Local\Temp\ccWRMHbY.ltrans20.ltrans.o
                0x0000000004000d08                sMibNodeControl
                0x0000000004000d18                sMibNwkStatus
                0x0000000004000d5c                sOndData.14808
 .bss.initinboot
                0x0000000004000df8       0x10 C:\Users\LENOVO~1\AppData\Local\Temp\ccWRMHbY.ltrans20.ltrans.o
                0x0000000004000df8                eOndRunMode.14942
                0x0000000004000df9                bOndHaveMutex.14943
                0x0000000004000dfc                pau8OndImageBitmaps.14810
                0x0000000004000e00                u8OndMaxImages.14813
                0x0000000004000e04                psOndImageDatabase.14812
 .bss           0x0000000004000e08       0x30 C:\Users\LENOVO~1\AppData\Local\Temp\ccWRMHbY.ltrans22.ltrans.o
                0x0000000004000e08                psTimerServerList
                0x0000000004000e0c                psChildren
 .bss           0x0000000004000e38      0x1ec C:\Users\LENOVO~1\AppData\Local\Temp\ccWRMHbY.ltrans23.ltrans.o
                0x0000000004000e38                sDefBcPkt
                0x0000000004000eac                asDeviceDescriptor
                0x0000000004000fe4                asIndirectHandleList.12272
 .bss.initinboot
                0x0000000004001024        0x1 C:\Users\LENOVO~1\AppData\Local\Temp\ccWRMHbY.ltrans24.ltrans.o
 .bss           0x0000000004001025        0x1 C:\Users\LENOVO~1\AppData\Local\Temp\ccWRMHbY.ltrans25.ltrans.o
                0x0000000004001025                bSuppressFindNode
 *fill*         0x0000000004001026        0x2 00
 .bss           0x0000000004001028       0x10 C:\Users\LENOVO~1\AppData\Local\Temp\ccWRMHbY.ltrans26.ltrans.o
                0x0000000004001028                sMiniMacSecurityPib
                0x0000000004001034                psJHandleStore.11361
 .bss           0x0000000004001038        0x8 C:\Users\LENOVO~1\AppData\Local\Temp\ccWRMHbY.ltrans28.ltrans.o
                0x0000000004001038                psPDM_Common
                0x000000000400103c                prJenNetTickCallback
 .bss           0x0000000004001040       0x64 C:\Users\LENOVO~1\AppData\Local\Temp\ccWRMHbY.ltrans29.ltrans.o
                0x0000000004001040                aprTimerCallback
                0x000000000400105c                au32TimerCounter
                0x0000000004001078                sMiniMacInternal
 .bss.initinboot
                0x00000000040010a4        0x8 C:\Users\LENOVO~1\AppData\Local\Temp\ccWRMHbY.ltrans30.ltrans.o
                0x00000000040010a4                ps6LP_Common
 .bss.dontinitinboot
                0x00000000040010ac       0x40 c:/NXP/bstudio_nxp/sdk/JN-SW-4165/Components/Library\libBoot_JN516x.a(ExceptionHandler.o)
                0x00000000040010ac                isr_handlers
 *(.bss.*)
 *(.scommon*)
 *(.scommon.*)
 *(COMMON)
                0x00000000040010ec                . = ALIGN (0x4)
                0x00000000040010ec                _bss_end = ABSOLUTE (.)

.heap           0x00000000040010ec     0x3340 load address 0x000000000009a6a4
                0x00000000040010ec                _heap_start = ABSOLUTE (.)
                0x000000000400442c                . = (. + _minimum_heap_size)
 *fill*         0x00000000040010ec     0x3340 00

.stack          0x0000000004007800      0x800 load address 0x00000000000a0db8
                0x0000000004007800                _heap_end = ABSOLUTE (.)
                0x0000000004007800                _stack_low_water_mark = ABSOLUTE (.)
                0x0000000004008000                . = (. + _stack_size)
 *fill*         0x0000000004007800      0x800 00

.test           0x0000000000099bbc        0x1
                0x0000000000099bbc        0x1 BYTE 0xff
                0x0000000000099604                _flash_data_start = LOADADDR (.data)
                0x00000000000005b8                _ram_data_len = (((_ram_data_end - _ram_data_start) + 0x3) & 0xfffffffffffffffc)
                0x0000000000000ae8                _bss_len = (((_bss_end - _bss_start) + 0x3) & 0xfffffffffffffffc)
                0x0000000000019bbc                _image_len = ((((_flash_end - _flash_start) + _ram_data_len) + 0x3) & 0xfffffffffffffffc)
                0x0000000004008000                _ram_top = (ABSOLUTE (ORIGIN (ram)) + 0x7fb4)
                0x0000000004008000                ram_top = (ABSOLUTE (ORIGIN (ram)) + 0x7fb4)
                0x0000000001001580                _app_ram_start = 0x1001580
                0x00000000040004c8                PROVIDE (_heap_location, u32HeapStart)
                0x00000000040004c8                PROVIDE (heap_location, u32HeapStart)
                0x00000000000934f5                TSV_eOpenVector = TSV_eOpen
                0x0000000000092aff                TSV_eStartVector = TSV_eStart
                0x0000000000096c44                TSV_eStopVector = TSV_eStop
                0x0000000000093511                PROVIDE (OS_eEnterCriticalSection, OS_eEnterCriticalSection_stub)
                0x00000000000934fd                PROVIDE (OS_eExitCriticalSection, OS_eExitCriticalSection_stub)
OUTPUT(c:/NXP/bstudio_nxp/workspace2/JN-AN-1190-JenNet-IP-Application-Template/Binary/0x11121112s_DeviceTemplate_DR1174_EndDevice_JN5168_DEBUG.elf elf32-ba)

.comment        0x0000000000000000       0x11
 .comment       0x0000000000000000       0x12 C:\Users\LENOVO~1\AppData\Local\Temp\ccWRMHbY.ltrans0.ltrans.o
 .comment       0x0000000000000000       0x12 C:\Users\LENOVO~1\AppData\Local\Temp\ccWRMHbY.ltrans1.ltrans.o
 .comment       0x0000000000000000       0x12 C:\Users\LENOVO~1\AppData\Local\Temp\ccWRMHbY.ltrans2.ltrans.o
 .comment       0x0000000000000000       0x12 C:\Users\LENOVO~1\AppData\Local\Temp\ccWRMHbY.ltrans3.ltrans.o
 .comment       0x0000000000000000       0x12 C:\Users\LENOVO~1\AppData\Local\Temp\ccWRMHbY.ltrans4.ltrans.o
 .comment       0x0000000000000000       0x12 C:\Users\LENOVO~1\AppData\Local\Temp\ccWRMHbY.ltrans5.ltrans.o
 .comment       0x0000000000000000       0x12 C:\Users\LENOVO~1\AppData\Local\Temp\ccWRMHbY.ltrans6.ltrans.o
 .comment       0x0000000000000000       0x12 C:\Users\LENOVO~1\AppData\Local\Temp\ccWRMHbY.ltrans7.ltrans.o
 .comment       0x0000000000000000       0x12 C:\Users\LENOVO~1\AppData\Local\Temp\ccWRMHbY.ltrans8.ltrans.o
 .comment       0x0000000000000000       0x12 C:\Users\LENOVO~1\AppData\Local\Temp\ccWRMHbY.ltrans9.ltrans.o
 .comment       0x0000000000000000       0x12 C:\Users\LENOVO~1\AppData\Local\Temp\ccWRMHbY.ltrans10.ltrans.o
 .comment       0x0000000000000000       0x12 C:\Users\LENOVO~1\AppData\Local\Temp\ccWRMHbY.ltrans11.ltrans.o
 .comment       0x0000000000000000       0x12 C:\Users\LENOVO~1\AppData\Local\Temp\ccWRMHbY.ltrans12.ltrans.o
 .comment       0x0000000000000000       0x12 C:\Users\LENOVO~1\AppData\Local\Temp\ccWRMHbY.ltrans13.ltrans.o
 .comment       0x0000000000000000       0x12 C:\Users\LENOVO~1\AppData\Local\Temp\ccWRMHbY.ltrans14.ltrans.o
 .comment       0x0000000000000000       0x12 C:\Users\LENOVO~1\AppData\Local\Temp\ccWRMHbY.ltrans15.ltrans.o
 .comment       0x0000000000000000       0x12 C:\Users\LENOVO~1\AppData\Local\Temp\ccWRMHbY.ltrans16.ltrans.o
 .comment       0x0000000000000000       0x12 C:\Users\LENOVO~1\AppData\Local\Temp\ccWRMHbY.ltrans17.ltrans.o
 .comment       0x0000000000000000       0x12 C:\Users\LENOVO~1\AppData\Local\Temp\ccWRMHbY.ltrans18.ltrans.o
 .comment       0x0000000000000000       0x12 C:\Users\LENOVO~1\AppData\Local\Temp\ccWRMHbY.ltrans19.ltrans.o
 .comment       0x0000000000000000       0x12 C:\Users\LENOVO~1\AppData\Local\Temp\ccWRMHbY.ltrans20.ltrans.o
 .comment       0x0000000000000000       0x12 C:\Users\LENOVO~1\AppData\Local\Temp\ccWRMHbY.ltrans21.ltrans.o
 .comment       0x0000000000000000       0x12 C:\Users\LENOVO~1\AppData\Local\Temp\ccWRMHbY.ltrans22.ltrans.o
 .comment       0x0000000000000000       0x12 C:\Users\LENOVO~1\AppData\Local\Temp\ccWRMHbY.ltrans23.ltrans.o
 .comment       0x0000000000000000       0x12 C:\Users\LENOVO~1\AppData\Local\Temp\ccWRMHbY.ltrans24.ltrans.o
 .comment       0x0000000000000000       0x12 C:\Users\LENOVO~1\AppData\Local\Temp\ccWRMHbY.ltrans25.ltrans.o
 .comment       0x0000000000000000       0x12 C:\Users\LENOVO~1\AppData\Local\Temp\ccWRMHbY.ltrans26.ltrans.o
 .comment       0x0000000000000000       0x12 C:\Users\LENOVO~1\AppData\Local\Temp\ccWRMHbY.ltrans27.ltrans.o
 .comment       0x0000000000000000       0x12 C:\Users\LENOVO~1\AppData\Local\Temp\ccWRMHbY.ltrans28.ltrans.o
 .comment       0x0000000000000000       0x12 C:\Users\LENOVO~1\AppData\Local\Temp\ccWRMHbY.ltrans29.ltrans.o
 .comment       0x0000000000000000       0x12 C:\Users\LENOVO~1\AppData\Local\Temp\ccWRMHbY.ltrans30.ltrans.o
 .comment       0x0000000000000000       0x12 C:\Users\LENOVO~1\AppData\Local\Temp\ccWRMHbY.ltrans31.ltrans.o
 .comment       0x0000000000000000       0x12 c:/nxp/bstudio_nxp/sdk/tools/ba-elf-ba2-r34135/bin/../lib/gcc/ba-elf/4.7.3/../../../../ba-elf/lib/mcpu_jn51xx_sizeopt\libc.a(lib_a-memcmp.o)
 .comment       0x0000000000000000       0x12 c:/nxp/bstudio_nxp/sdk/tools/ba-elf-ba2-r34135/bin/../lib/gcc/ba-elf/4.7.3/../../../../ba-elf/lib/mcpu_jn51xx_sizeopt\libc.a(lib_a-memcpy.o)
 .comment       0x0000000000000000       0x12 c:/nxp/bstudio_nxp/sdk/tools/ba-elf-ba2-r34135/bin/../lib/gcc/ba-elf/4.7.3/../../../../ba-elf/lib/mcpu_jn51xx_sizeopt\libc.a(lib_a-memmove.o)
 .comment       0x0000000000000000       0x12 c:/nxp/bstudio_nxp/sdk/tools/ba-elf-ba2-r34135/bin/../lib/gcc/ba-elf/4.7.3/../../../../ba-elf/lib/mcpu_jn51xx_sizeopt\libc.a(lib_a-memset.o)
 .comment       0x0000000000000000       0x12 c:/nxp/bstudio_nxp/sdk/tools/ba-elf-ba2-r34135/bin/../lib/gcc/ba-elf/4.7.3/../../../../ba-elf/lib/mcpu_jn51xx_sizeopt\libc.a(lib_a-strcpy.o)
 .comment       0x0000000000000000       0x12 c:/nxp/bstudio_nxp/sdk/tools/ba-elf-ba2-r34135/bin/../lib/gcc/ba-elf/4.7.3/../../../../ba-elf/lib/mcpu_jn51xx_sizeopt\libc.a(lib_a-strlen.o)
 .comment       0x0000000000000000       0x12 c:/nxp/bstudio_nxp/sdk/tools/ba-elf-ba2-r34135/bin/../lib/gcc/ba-elf/4.7.3/../../../../ba-elf/lib/mcpu_jn51xx_sizeopt\libc.a(lib_a-strncpy.o)
 .comment       0x0000000000000000       0x12 c:/nxp/bstudio_nxp/sdk/tools/ba-elf-ba2-r34135/bin/../lib/gcc/ba-elf/4.7.3/mcpu_jn51xx_sizeopt\libgcc.a(_muldi3.o)
 .comment       0x0000000000000000       0x12 c:/nxp/bstudio_nxp/sdk/tools/ba-elf-ba2-r34135/bin/../lib/gcc/ba-elf/4.7.3/mcpu_jn51xx_sizeopt\libgcc.a(_ashldi3.o)
 .comment       0x0000000000000000       0x12 c:/nxp/bstudio_nxp/sdk/tools/ba-elf-ba2-r34135/bin/../lib/gcc/ba-elf/4.7.3/mcpu_jn51xx_sizeopt\libgcc.a(_fixunssfsi.o)
 .comment       0x0000000000000000       0x12 c:/nxp/bstudio_nxp/sdk/tools/ba-elf-ba2-r34135/bin/../lib/gcc/ba-elf/4.7.3/mcpu_jn51xx_sizeopt\libgcc.a(_udivdi3.o)
 .comment       0x0000000000000000       0x12 c:/nxp/bstudio_nxp/sdk/tools/ba-elf-ba2-r34135/bin/../lib/gcc/ba-elf/4.7.3/mcpu_jn51xx_sizeopt\libgcc.a(divsf3.o)
 .comment       0x0000000000000000       0x12 c:/nxp/bstudio_nxp/sdk/tools/ba-elf-ba2-r34135/bin/../lib/gcc/ba-elf/4.7.3/mcpu_jn51xx_sizeopt\libgcc.a(gesf2.o)
 .comment       0x0000000000000000       0x12 c:/nxp/bstudio_nxp/sdk/tools/ba-elf-ba2-r34135/bin/../lib/gcc/ba-elf/4.7.3/mcpu_jn51xx_sizeopt\libgcc.a(lesf2.o)
 .comment       0x0000000000000000       0x12 c:/nxp/bstudio_nxp/sdk/tools/ba-elf-ba2-r34135/bin/../lib/gcc/ba-elf/4.7.3/mcpu_jn51xx_sizeopt\libgcc.a(mulsf3.o)
 .comment       0x0000000000000000       0x12 c:/nxp/bstudio_nxp/sdk/tools/ba-elf-ba2-r34135/bin/../lib/gcc/ba-elf/4.7.3/mcpu_jn51xx_sizeopt\libgcc.a(subsf3.o)
 .comment       0x0000000000000000       0x12 c:/nxp/bstudio_nxp/sdk/tools/ba-elf-ba2-r34135/bin/../lib/gcc/ba-elf/4.7.3/mcpu_jn51xx_sizeopt\libgcc.a(fixsfsi.o)
 .comment       0x0000000000000000       0x12 c:/nxp/bstudio_nxp/sdk/tools/ba-elf-ba2-r34135/bin/../lib/gcc/ba-elf/4.7.3/mcpu_jn51xx_sizeopt\libgcc.a(floatsisf.o)
 .comment       0x0000000000000000       0x12 c:/nxp/bstudio_nxp/sdk/tools/ba-elf-ba2-r34135/bin/../lib/gcc/ba-elf/4.7.3/mcpu_jn51xx_sizeopt\libgcc.a(adddf3.o)
 .comment       0x0000000000000000       0x12 c:/nxp/bstudio_nxp/sdk/tools/ba-elf-ba2-r34135/bin/../lib/gcc/ba-elf/4.7.3/mcpu_jn51xx_sizeopt\libgcc.a(gedf2.o)
 .comment       0x0000000000000000       0x12 c:/nxp/bstudio_nxp/sdk/tools/ba-elf-ba2-r34135/bin/../lib/gcc/ba-elf/4.7.3/mcpu_jn51xx_sizeopt\libgcc.a(ledf2.o)
 .comment       0x0000000000000000       0x12 c:/nxp/bstudio_nxp/sdk/tools/ba-elf-ba2-r34135/bin/../lib/gcc/ba-elf/4.7.3/mcpu_jn51xx_sizeopt\libgcc.a(muldf3.o)
 .comment       0x0000000000000000       0x12 c:/nxp/bstudio_nxp/sdk/tools/ba-elf-ba2-r34135/bin/../lib/gcc/ba-elf/4.7.3/mcpu_jn51xx_sizeopt\libgcc.a(subdf3.o)
 .comment       0x0000000000000000       0x12 c:/nxp/bstudio_nxp/sdk/tools/ba-elf-ba2-r34135/bin/../lib/gcc/ba-elf/4.7.3/mcpu_jn51xx_sizeopt\libgcc.a(extendsfdf2.o)
 .comment       0x0000000000000000       0x12 c:/nxp/bstudio_nxp/sdk/tools/ba-elf-ba2-r34135/bin/../lib/gcc/ba-elf/4.7.3/mcpu_jn51xx_sizeopt\libgcc.a(truncdfsf2.o)
 .comment       0x0000000000000000       0x11 c:/NXP/bstudio_nxp/sdk/JN-SW-4165/Components/Library\libMicroSpecific_JN516x.a(MicroSyscall.o)
                                         0x12 (size before relaxing)

.debug_info     0x0000000000000000     0x3cdb
 .debug_info    0x0000000000000000       0xf3 c:/nxp/bstudio_nxp/sdk/tools/ba-elf-ba2-r34135/bin/../lib/gcc/ba-elf/4.7.3/../../../../ba-elf/lib/mcpu_jn51xx_sizeopt\libc.a(lib_a-memcmp.o)
 .debug_info    0x00000000000000f3      0x106 c:/nxp/bstudio_nxp/sdk/tools/ba-elf-ba2-r34135/bin/../lib/gcc/ba-elf/4.7.3/../../../../ba-elf/lib/mcpu_jn51xx_sizeopt\libc.a(lib_a-memcpy.o)
 .debug_info    0x00000000000001f9      0x106 c:/nxp/bstudio_nxp/sdk/tools/ba-elf-ba2-r34135/bin/../lib/gcc/ba-elf/4.7.3/../../../../ba-elf/lib/mcpu_jn51xx_sizeopt\libc.a(lib_a-memmove.o)
 .debug_info    0x00000000000002ff       0xd7 c:/nxp/bstudio_nxp/sdk/tools/ba-elf-ba2-r34135/bin/../lib/gcc/ba-elf/4.7.3/../../../../ba-elf/lib/mcpu_jn51xx_sizeopt\libc.a(lib_a-memset.o)
 .debug_info    0x00000000000003d6       0xce c:/nxp/bstudio_nxp/sdk/tools/ba-elf-ba2-r34135/bin/../lib/gcc/ba-elf/4.7.3/../../../../ba-elf/lib/mcpu_jn51xx_sizeopt\libc.a(lib_a-strcpy.o)
 .debug_info    0x00000000000004a4       0xc8 c:/nxp/bstudio_nxp/sdk/tools/ba-elf-ba2-r34135/bin/../lib/gcc/ba-elf/4.7.3/../../../../ba-elf/lib/mcpu_jn51xx_sizeopt\libc.a(lib_a-strlen.o)
 .debug_info    0x000000000000056c       0xf9 c:/nxp/bstudio_nxp/sdk/tools/ba-elf-ba2-r34135/bin/../lib/gcc/ba-elf/4.7.3/../../../../ba-elf/lib/mcpu_jn51xx_sizeopt\libc.a(lib_a-strncpy.o)
 .debug_info    0x0000000000000665       0xe2 c:/nxp/bstudio_nxp/sdk/tools/ba-elf-ba2-r34135/bin/../lib/gcc/ba-elf/4.7.3/mcpu_jn51xx_sizeopt\libgcc.a(__udivsi3.o)
 .debug_info    0x0000000000000747       0xe2 c:/nxp/bstudio_nxp/sdk/tools/ba-elf-ba2-r34135/bin/../lib/gcc/ba-elf/4.7.3/mcpu_jn51xx_sizeopt\libgcc.a(__divsi3.o)
 .debug_info    0x0000000000000829       0xe2 c:/nxp/bstudio_nxp/sdk/tools/ba-elf-ba2-r34135/bin/../lib/gcc/ba-elf/4.7.3/mcpu_jn51xx_sizeopt\libgcc.a(__umodsi3.o)
 .debug_info    0x000000000000090b       0xe2 c:/nxp/bstudio_nxp/sdk/tools/ba-elf-ba2-r34135/bin/../lib/gcc/ba-elf/4.7.3/mcpu_jn51xx_sizeopt\libgcc.a(__modsi3.o)
 .debug_info    0x00000000000009ed      0x1f9 c:/nxp/bstudio_nxp/sdk/tools/ba-elf-ba2-r34135/bin/../lib/gcc/ba-elf/4.7.3/mcpu_jn51xx_sizeopt\libgcc.a(_muldi3.o)
 .debug_info    0x0000000000000be6      0x193 c:/nxp/bstudio_nxp/sdk/tools/ba-elf-ba2-r34135/bin/../lib/gcc/ba-elf/4.7.3/mcpu_jn51xx_sizeopt\libgcc.a(_ashldi3.o)
 .debug_info    0x0000000000000d79       0xd3 c:/nxp/bstudio_nxp/sdk/tools/ba-elf-ba2-r34135/bin/../lib/gcc/ba-elf/4.7.3/mcpu_jn51xx_sizeopt\libgcc.a(_fixunssfsi.o)
 .debug_info    0x0000000000000e4c      0x64c c:/nxp/bstudio_nxp/sdk/tools/ba-elf-ba2-r34135/bin/../lib/gcc/ba-elf/4.7.3/mcpu_jn51xx_sizeopt\libgcc.a(_udivdi3.o)
 .debug_info    0x0000000000001498      0x2b1 c:/nxp/bstudio_nxp/sdk/tools/ba-elf-ba2-r34135/bin/../lib/gcc/ba-elf/4.7.3/mcpu_jn51xx_sizeopt\libgcc.a(divsf3.o)
 .debug_info    0x0000000000001749      0x1ec c:/nxp/bstudio_nxp/sdk/tools/ba-elf-ba2-r34135/bin/../lib/gcc/ba-elf/4.7.3/mcpu_jn51xx_sizeopt\libgcc.a(gesf2.o)
 .debug_info    0x0000000000001935      0x1ef c:/nxp/bstudio_nxp/sdk/tools/ba-elf-ba2-r34135/bin/../lib/gcc/ba-elf/4.7.3/mcpu_jn51xx_sizeopt\libgcc.a(lesf2.o)
 .debug_info    0x0000000000001b24      0x302 c:/nxp/bstudio_nxp/sdk/tools/ba-elf-ba2-r34135/bin/../lib/gcc/ba-elf/4.7.3/mcpu_jn51xx_sizeopt\libgcc.a(mulsf3.o)
 .debug_info    0x0000000000001e26      0x2b5 c:/nxp/bstudio_nxp/sdk/tools/ba-elf-ba2-r34135/bin/../lib/gcc/ba-elf/4.7.3/mcpu_jn51xx_sizeopt\libgcc.a(subsf3.o)
 .debug_info    0x00000000000020db      0x19d c:/nxp/bstudio_nxp/sdk/tools/ba-elf-ba2-r34135/bin/../lib/gcc/ba-elf/4.7.3/mcpu_jn51xx_sizeopt\libgcc.a(fixsfsi.o)
 .debug_info    0x0000000000002278      0x1ba c:/nxp/bstudio_nxp/sdk/tools/ba-elf-ba2-r34135/bin/../lib/gcc/ba-elf/4.7.3/mcpu_jn51xx_sizeopt\libgcc.a(floatsisf.o)
 .debug_info    0x0000000000002432      0x4b2 c:/nxp/bstudio_nxp/sdk/tools/ba-elf-ba2-r34135/bin/../lib/gcc/ba-elf/4.7.3/mcpu_jn51xx_sizeopt\libgcc.a(adddf3.o)
 .debug_info    0x00000000000028e4      0x20e c:/nxp/bstudio_nxp/sdk/tools/ba-elf-ba2-r34135/bin/../lib/gcc/ba-elf/4.7.3/mcpu_jn51xx_sizeopt\libgcc.a(gedf2.o)
 .debug_info    0x0000000000002af2      0x20e c:/nxp/bstudio_nxp/sdk/tools/ba-elf-ba2-r34135/bin/../lib/gcc/ba-elf/4.7.3/mcpu_jn51xx_sizeopt\libgcc.a(ledf2.o)
 .debug_info    0x0000000000002d00      0x5c7 c:/nxp/bstudio_nxp/sdk/tools/ba-elf-ba2-r34135/bin/../lib/gcc/ba-elf/4.7.3/mcpu_jn51xx_sizeopt\libgcc.a(muldf3.o)
 .debug_info    0x00000000000032c7      0x4b2 c:/nxp/bstudio_nxp/sdk/tools/ba-elf-ba2-r34135/bin/../lib/gcc/ba-elf/4.7.3/mcpu_jn51xx_sizeopt\libgcc.a(subdf3.o)
 .debug_info    0x0000000000003779      0x262 c:/nxp/bstudio_nxp/sdk/tools/ba-elf-ba2-r34135/bin/../lib/gcc/ba-elf/4.7.3/mcpu_jn51xx_sizeopt\libgcc.a(extendsfdf2.o)
 .debug_info    0x00000000000039db      0x246 c:/nxp/bstudio_nxp/sdk/tools/ba-elf-ba2-r34135/bin/../lib/gcc/ba-elf/4.7.3/mcpu_jn51xx_sizeopt\libgcc.a(truncdfsf2.o)
 .debug_info    0x0000000000003c21       0xba c:/NXP/bstudio_nxp/sdk/JN-SW-4165/Components/Library\libBoot_JN516x.a(ExceptionHandler.o)

.debug_abbrev   0x0000000000000000     0x1840
 .debug_abbrev  0x0000000000000000       0x8e c:/nxp/bstudio_nxp/sdk/tools/ba-elf-ba2-r34135/bin/../lib/gcc/ba-elf/4.7.3/../../../../ba-elf/lib/mcpu_jn51xx_sizeopt\libc.a(lib_a-memcmp.o)
 .debug_abbrev  0x000000000000008e       0xa4 c:/nxp/bstudio_nxp/sdk/tools/ba-elf-ba2-r34135/bin/../lib/gcc/ba-elf/4.7.3/../../../../ba-elf/lib/mcpu_jn51xx_sizeopt\libc.a(lib_a-memcpy.o)
 .debug_abbrev  0x0000000000000132       0x9c c:/nxp/bstudio_nxp/sdk/tools/ba-elf-ba2-r34135/bin/../lib/gcc/ba-elf/4.7.3/../../../../ba-elf/lib/mcpu_jn51xx_sizeopt\libc.a(lib_a-memmove.o)
 .debug_abbrev  0x00000000000001ce       0x8e c:/nxp/bstudio_nxp/sdk/tools/ba-elf-ba2-r34135/bin/../lib/gcc/ba-elf/4.7.3/../../../../ba-elf/lib/mcpu_jn51xx_sizeopt\libc.a(lib_a-memset.o)
 .debug_abbrev  0x000000000000025c       0x72 c:/nxp/bstudio_nxp/sdk/tools/ba-elf-ba2-r34135/bin/../lib/gcc/ba-elf/4.7.3/../../../../ba-elf/lib/mcpu_jn51xx_sizeopt\libc.a(lib_a-strcpy.o)
 .debug_abbrev  0x00000000000002ce       0x7f c:/nxp/bstudio_nxp/sdk/tools/ba-elf-ba2-r34135/bin/../lib/gcc/ba-elf/4.7.3/../../../../ba-elf/lib/mcpu_jn51xx_sizeopt\libc.a(lib_a-strlen.o)
 .debug_abbrev  0x000000000000034d       0x8e c:/nxp/bstudio_nxp/sdk/tools/ba-elf-ba2-r34135/bin/../lib/gcc/ba-elf/4.7.3/../../../../ba-elf/lib/mcpu_jn51xx_sizeopt\libc.a(lib_a-strncpy.o)
 .debug_abbrev  0x00000000000003db       0x14 c:/nxp/bstudio_nxp/sdk/tools/ba-elf-ba2-r34135/bin/../lib/gcc/ba-elf/4.7.3/mcpu_jn51xx_sizeopt\libgcc.a(__udivsi3.o)
 .debug_abbrev  0x00000000000003ef       0x14 c:/nxp/bstudio_nxp/sdk/tools/ba-elf-ba2-r34135/bin/../lib/gcc/ba-elf/4.7.3/mcpu_jn51xx_sizeopt\libgcc.a(__divsi3.o)
 .debug_abbrev  0x0000000000000403       0x14 c:/nxp/bstudio_nxp/sdk/tools/ba-elf-ba2-r34135/bin/../lib/gcc/ba-elf/4.7.3/mcpu_jn51xx_sizeopt\libgcc.a(__umodsi3.o)
 .debug_abbrev  0x0000000000000417       0x14 c:/nxp/bstudio_nxp/sdk/tools/ba-elf-ba2-r34135/bin/../lib/gcc/ba-elf/4.7.3/mcpu_jn51xx_sizeopt\libgcc.a(__modsi3.o)
 .debug_abbrev  0x000000000000042b       0xe0 c:/nxp/bstudio_nxp/sdk/tools/ba-elf-ba2-r34135/bin/../lib/gcc/ba-elf/4.7.3/mcpu_jn51xx_sizeopt\libgcc.a(_muldi3.o)
 .debug_abbrev  0x000000000000050b       0xf1 c:/nxp/bstudio_nxp/sdk/tools/ba-elf-ba2-r34135/bin/../lib/gcc/ba-elf/4.7.3/mcpu_jn51xx_sizeopt\libgcc.a(_ashldi3.o)
 .debug_abbrev  0x00000000000005fc       0x60 c:/nxp/bstudio_nxp/sdk/tools/ba-elf-ba2-r34135/bin/../lib/gcc/ba-elf/4.7.3/mcpu_jn51xx_sizeopt\libgcc.a(_fixunssfsi.o)
 .debug_abbrev  0x000000000000065c      0x166 c:/nxp/bstudio_nxp/sdk/tools/ba-elf-ba2-r34135/bin/../lib/gcc/ba-elf/4.7.3/mcpu_jn51xx_sizeopt\libgcc.a(_udivdi3.o)
 .debug_abbrev  0x00000000000007c2      0x126 c:/nxp/bstudio_nxp/sdk/tools/ba-elf-ba2-r34135/bin/../lib/gcc/ba-elf/4.7.3/mcpu_jn51xx_sizeopt\libgcc.a(divsf3.o)
 .debug_abbrev  0x00000000000008e8      0x12a c:/nxp/bstudio_nxp/sdk/tools/ba-elf-ba2-r34135/bin/../lib/gcc/ba-elf/4.7.3/mcpu_jn51xx_sizeopt\libgcc.a(gesf2.o)
 .debug_abbrev  0x0000000000000a12      0x11b c:/nxp/bstudio_nxp/sdk/tools/ba-elf-ba2-r34135/bin/../lib/gcc/ba-elf/4.7.3/mcpu_jn51xx_sizeopt\libgcc.a(lesf2.o)
 .debug_abbrev  0x0000000000000b2d      0x12d c:/nxp/bstudio_nxp/sdk/tools/ba-elf-ba2-r34135/bin/../lib/gcc/ba-elf/4.7.3/mcpu_jn51xx_sizeopt\libgcc.a(mulsf3.o)
 .debug_abbrev  0x0000000000000c5a      0x133 c:/nxp/bstudio_nxp/sdk/tools/ba-elf-ba2-r34135/bin/../lib/gcc/ba-elf/4.7.3/mcpu_jn51xx_sizeopt\libgcc.a(subsf3.o)
 .debug_abbrev  0x0000000000000d8d      0x12c c:/nxp/bstudio_nxp/sdk/tools/ba-elf-ba2-r34135/bin/../lib/gcc/ba-elf/4.7.3/mcpu_jn51xx_sizeopt\libgcc.a(fixsfsi.o)
 .debug_abbrev  0x0000000000000eb9      0x11b c:/nxp/bstudio_nxp/sdk/tools/ba-elf-ba2-r34135/bin/../lib/gcc/ba-elf/4.7.3/mcpu_jn51xx_sizeopt\libgcc.a(floatsisf.o)
 .debug_abbrev  0x0000000000000fd4      0x133 c:/nxp/bstudio_nxp/sdk/tools/ba-elf-ba2-r34135/bin/../lib/gcc/ba-elf/4.7.3/mcpu_jn51xx_sizeopt\libgcc.a(adddf3.o)
 .debug_abbrev  0x0000000000001107      0x137 c:/nxp/bstudio_nxp/sdk/tools/ba-elf-ba2-r34135/bin/../lib/gcc/ba-elf/4.7.3/mcpu_jn51xx_sizeopt\libgcc.a(gedf2.o)
 .debug_abbrev  0x000000000000123e      0x139 c:/nxp/bstudio_nxp/sdk/tools/ba-elf-ba2-r34135/bin/../lib/gcc/ba-elf/4.7.3/mcpu_jn51xx_sizeopt\libgcc.a(ledf2.o)
 .debug_abbrev  0x0000000000001377      0x141 c:/nxp/bstudio_nxp/sdk/tools/ba-elf-ba2-r34135/bin/../lib/gcc/ba-elf/4.7.3/mcpu_jn51xx_sizeopt\libgcc.a(muldf3.o)
 .debug_abbrev  0x00000000000014b8      0x133 c:/nxp/bstudio_nxp/sdk/tools/ba-elf-ba2-r34135/bin/../lib/gcc/ba-elf/4.7.3/mcpu_jn51xx_sizeopt\libgcc.a(subdf3.o)
 .debug_abbrev  0x00000000000015eb      0x126 c:/nxp/bstudio_nxp/sdk/tools/ba-elf-ba2-r34135/bin/../lib/gcc/ba-elf/4.7.3/mcpu_jn51xx_sizeopt\libgcc.a(extendsfdf2.o)
 .debug_abbrev  0x0000000000001711      0x11b c:/nxp/bstudio_nxp/sdk/tools/ba-elf-ba2-r34135/bin/../lib/gcc/ba-elf/4.7.3/mcpu_jn51xx_sizeopt\libgcc.a(truncdfsf2.o)
 .debug_abbrev  0x000000000000182c       0x14 c:/NXP/bstudio_nxp/sdk/JN-SW-4165/Components/Library\libBoot_JN516x.a(ExceptionHandler.o)

.debug_loc      0x0000000000000000     0x5983
 .debug_loc     0x0000000000000000       0x73 c:/nxp/bstudio_nxp/sdk/tools/ba-elf-ba2-r34135/bin/../lib/gcc/ba-elf/4.7.3/../../../../ba-elf/lib/mcpu_jn51xx_sizeopt\libc.a(lib_a-memcmp.o)
 .debug_loc     0x0000000000000073       0x39 c:/nxp/bstudio_nxp/sdk/tools/ba-elf-ba2-r34135/bin/../lib/gcc/ba-elf/4.7.3/../../../../ba-elf/lib/mcpu_jn51xx_sizeopt\libc.a(lib_a-memcpy.o)